---
source: crates/regolith-syntax/tests/snapshots.rs
assertion_line: 49
expression: "dump(Stage::Cst, &source, &file)"
---
File@0..8721
  Comment@0..64 "# Kestrel -- 1U Earth ..."
  Newline@64..65 "\n"
  Comment@65..129 "# The integration fil ..."
  Newline@129..130 "\n"
  Comment@130..195 "# inline `hosted_on`) ..."
  Newline@195..196 "\n"
  Comment@196..261 "# cross-domain mass b ..."
  Newline@261..262 "\n"
  Comment@262..326 "# thermal + launch bo ..."
  Newline@326..327 "\n"
  Comment@327..391 "# board/structure fil ..."
  Newline@391..392 "\n"
  Newline@392..393 "\n"
  ImportStmt@393..464
    ImportKw@393..399 "import"
    Whitespace@399..400 " "
    String@400..416 "\"contracts.cupr\""
    Whitespace@416..417 " "
    LParen@417..418 "("
    Ident@418..427 "StackMate"
    Comma@427..428 ","
    Whitespace@428..429 " "
    Ident@429..438 "CardMount"
    Comma@438..439 ","
    Whitespace@439..440 " "
    Ident@440..451 "AntennaMate"
    Comma@451..452 ","
    Whitespace@452..453 " "
    Ident@453..462 "Umbilical"
    RParen@462..463 ")"
    Newline@463..464 "\n"
  ImportStmt@464..496
    ImportKw@464..470 "import"
    Whitespace@470..471 " "
    String@471..487 "\"structure.hema\""
    Whitespace@487..488 " "
    LParen@488..489 "("
    Ident@489..494 "Frame"
    RParen@494..495 ")"
    Newline@495..496 "\n"
  ImportStmt@496..528
    ImportKw@496..502 "import"
    Whitespace@502..503 " "
    String@503..517 "\"antenna.hema\""
    Whitespace@517..518 " "
    LParen@518..519 "("
    Ident@519..526 "Antenna"
    RParen@526..527 ")"
    Newline@527..528 "\n"
  ImportStmt@528..555
    ImportKw@528..534 "import"
    Whitespace@534..535 " "
    String@535..545 "\"eps.cupr\""
    Whitespace@545..546 " "
    LParen@546..547 "("
    Ident@547..553 "EpsPcb"
    RParen@553..554 ")"
    Newline@554..555 "\n"
  ImportStmt@555..582
    ImportKw@555..561 "import"
    Whitespace@561..562 " "
    String@562..572 "\"obc.cupr\""
    Whitespace@572..573 " "
    LParen@573..574 "("
    Ident@574..580 "ObcPcb"
    RParen@580..581 ")"
    Newline@581..582 "\n"
  ImportStmt@582..611
    ImportKw@582..588 "import"
    Whitespace@588..589 " "
    String@589..600 "\"adcs.cupr\""
    Whitespace@600..601 " "
    LParen@601..602 "("
    Ident@602..609 "AdcsPcb"
    RParen@609..610 ")"
    Newline@610..611 "\n"
  ImportStmt@611..642
    ImportKw@611..617 "import"
    Whitespace@617..618 " "
    String@618..630 "\"comms.cupr\""
    Whitespace@630..631 " "
    LParen@631..632 "("
    Ident@632..640 "CommsPcb"
    RParen@640..641 ")"
    Newline@641..642 "\n"
  ImportStmt@642..704
    ImportKw@642..648 "import"
    Whitespace@648..649 " "
    String@649..663 "\"payload.cupr\""
    Whitespace@663..664 " "
    LParen@664..665 "("
    Ident@665..675 "PayloadPcb"
    Comma@675..676 ","
    Whitespace@676..677 " "
    Ident@677..691 "TileCompressor"
    Comma@691..692 ","
    Whitespace@692..693 " "
    Ident@693..702 "tile_bits"
    RParen@702..703 ")"
    Newline@703..704 "\n"
  ImportStmt@704..723
    ImportKw@704..710 "import"
    Whitespace@710..711 " "
    Ident@711..714 "std"
    Dot@714..715 "."
    Ident@715..722 "intents"
    Newline@722..723 "\n"
  ImportStmt@723..740
    ImportKw@723..729 "import"
    Whitespace@729..730 " "
    Ident@730..733 "std"
    Dot@733..734 "."
    Ident@734..739 "debug"
    Newline@739..740 "\n"
  ImportStmt@740..785
    ImportKw@740..746 "import"
    Whitespace@746..747 " "
    Ident@747..750 "std"
    Dot@750..751 "."
    Ident@751..758 "compute"
    Whitespace@758..759 " "
    LParen@759..760 "("
    Ident@760..768 "executor"
    Comma@768..769 ","
    Whitespace@769..770 " "
    Ident@770..776 "memory"
    Comma@776..777 ","
    Whitespace@777..778 " "
    Ident@778..783 "mover"
    RParen@783..784 ")"
    Newline@784..785 "\n"
  Newline@785..786 "\n"
  Decl@786..6464
    SystemKw@786..792 "system"
    Whitespace@792..793 " "
    Ident@793..800 "Kestrel"
    Colon@800..801 ":"
    Newline@801..802 "\n"
    Whitespace@802..806 "    "
    Indent@806..806 ""
    OpaqueIsland@806..864
      Ident@806..814 "exposing"
      Whitespace@814..815 " "
      Ident@815..817 "op"
      Colon@817..818 ":"
      Whitespace@818..819 " "
      Error@819..820 "{"
      Ident@820..828 "detumble"
      Comma@828..829 ","
      Whitespace@829..830 " "
      Ident@830..834 "safe"
      Comma@834..835 ","
      Whitespace@835..836 " "
      Ident@836..843 "nominal"
      Comma@843..844 ","
      Whitespace@844..845 " "
      Ident@845..852 "imaging"
      Comma@852..853 ","
      Whitespace@853..854 " "
      Ident@854..862 "downlink"
      Error@862..863 "}"
      Newline@863..864 "\n"
    Newline@864..865 "\n"
    Whitespace@865..869 "    "
    PartsBlock@869..1155
      Ident@869..874 "parts"
      Colon@874..875 ":"
      Newline@875..876 "\n"
      Whitespace@876..884 "        "
      Indent@884..884 ""
      Field@884..899
        Ident@884..889 "frame"
        Colon@889..890 ":"
        Whitespace@890..893 "   "
        NameRef@893..898
          Ident@893..898 "Frame"
        Newline@898..899 "\n"
      Whitespace@899..907 "        "
      Field@907..924
        Ident@907..914 "antenna"
        Colon@914..915 ":"
        Whitespace@915..916 " "
        NameRef@916..923
          Ident@916..923 "Antenna"
        Newline@923..924 "\n"
      Whitespace@924..932 "        "
      Field@932..948
        Ident@932..935 "eps"
        Colon@935..936 ":"
        Whitespace@936..941 "     "
        NameRef@941..947
          Ident@941..947 "EpsPcb"
        Newline@947..948 "\n"
      Whitespace@948..956 "        "
      Field@956..1022
        Ident@956..959 "obc"
        Colon@959..960 ":"
        Whitespace@960..965 "     "
        CallExpr@965..985
          NameRef@965..971
            Ident@965..971 "ObcPcb"
          ArgList@971..985
            LParen@971..972 "("
            BinExpr@972..984
              NameRef@972..974
                Ident@972..974 "fw"
              Eq@974..975 "="
              NameRef@975..984
                Ident@975..984 "flight_fw"
            RParen@984..985 ")"
        Whitespace@985..994 "         "
        OpaqueIsland@994..1021
          Comment@994..1021 "# image injected at b ..."
        Newline@1021..1022 "\n"
      Whitespace@1022..1030 "        "
      Field@1030..1080
        Ident@1030..1034 "adcs"
        Colon@1034..1035 ":"
        Whitespace@1035..1039 "    "
        NameRef@1039..1046
          Ident@1039..1046 "AdcsPcb"
        Whitespace@1046..1068 "                      "
        OpaqueIsland@1068..1079
          Comment@1068..1079 "# (F83/D54)"
        Newline@1079..1080 "\n"
      Whitespace@1080..1088 "        "
      Field@1088..1106
        Ident@1088..1093 "comms"
        Colon@1093..1094 ":"
        Whitespace@1094..1097 "   "
        NameRef@1097..1105
          Ident@1097..1105 "CommsPcb"
        Newline@1105..1106 "\n"
      Whitespace@1106..1114 "        "
      Field@1114..1150
        Ident@1114..1121 "payload"
        Colon@1121..1122 ":"
        Whitespace@1122..1123 " "
        CallExpr@1123..1149
          NameRef@1123..1133
            Ident@1123..1133 "PayloadPcb"
          ArgList@1133..1149
            LParen@1133..1134 "("
            BinExpr@1134..1148
              NameRef@1134..1138
                Ident@1134..1138 "bits"
              Eq@1138..1139 "="
              NameRef@1139..1148
                Ident@1139..1148 "tile_bits"
            RParen@1148..1149 ")"
        Newline@1149..1150 "\n"
      Newline@1150..1151 "\n"
      Whitespace@1151..1155 "    "
      Dedent@1155..1155 ""
    BoundaryBlock@1155..1545
      Ident@1155..1163 "boundary"
      Colon@1163..1164 ":"
      Newline@1164..1165 "\n"
      Whitespace@1165..1173 "        "
      Indent@1173..1173 ""
      Field@1173..1274
        Ident@1173..1179 "launch"
        Colon@1179..1180 ":"
        Whitespace@1180..1185 "     "
        CallExpr@1185..1209
          NameRef@1185..1194
            Ident@1185..1194 "vibration"
          ArgList@1194..1209
            LParen@1194..1195 "("
            NameRef@1195..1208
              Ident@1195..1208 "gevs_qual_ref"
            RParen@1208..1209 ")"
        OpaqueIsland@1209..1210
          Comma@1209..1210 ","
        Newline@1210..1211 "\n"
        Whitespace@1211..1231 "                    "
        Indent@1231..1231 ""
        Field@1231..1266
          Ident@1231..1240 "structure"
          Colon@1240..1241 ":"
          Whitespace@1241..1242 " "
          CallExpr@1242..1265
            NameRef@1242..1250
              Ident@1242..1250 "spectrum"
            ArgList@1250..1265
              LParen@1250..1251 "("
              NameRef@1251..1264
                Ident@1251..1264 "gevs_qual_ref"
              RParen@1264..1265 ")"
          Newline@1265..1266 "\n"
        Whitespace@1266..1274 "        "
        Dedent@1274..1274 ""
      Field@1274..1317
        Ident@1274..1284 "separation"
        Colon@1284..1285 ":"
        Whitespace@1285..1286 " "
        CallExpr@1286..1316
          NameRef@1286..1291
            Ident@1286..1291 "shock"
          ArgList@1291..1316
            LParen@1291..1292 "("
            QuantityLit@1292..1297
              Number@1292..1296 "1000"
              Ident@1296..1297 "g"
            Comma@1297..1298 ","
            Whitespace@1298..1299 " "
            QuantityLit@1299..1304
              Number@1299..1302 "0.5"
              Ident@1302..1304 "ms"
            Comma@1304..1305 ","
            Whitespace@1305..1306 " "
            NameRef@1306..1315
              Ident@1306..1315 "half_sine"
            RParen@1315..1316 ")"
        Newline@1316..1317 "\n"
      Whitespace@1317..1325 "        "
      Field@1325..1393
        Ident@1325..1330 "orbit"
        Colon@1330..1331 ":"
        Whitespace@1331..1337 "      "
        CallExpr@1337..1359
          NameRef@1337..1340
            Ident@1337..1340 "sso"
          ArgList@1340..1359
            LParen@1340..1341 "("
            QuantityLit@1341..1346
              Number@1341..1344 "550"
              Ident@1344..1346 "km"
            Comma@1346..1347 ","
            Whitespace@1347..1348 " "
            BinExpr@1348..1358
              NameRef@1348..1352
                Ident@1348..1352 "ltdn"
              Eq@1352..1353 "="
              QuantityLit@1353..1358
                Number@1353..1357 "10.5"
                Ident@1357..1358 "h"
            RParen@1358..1359 ")"
        OpaqueIsland@1359..1392
          Comma@1359..1360 ","
          Whitespace@1360..1361 " "
          ProfileKw@1361..1368 "profile"
          Eq@1368..1369 "="
          Ident@1369..1377 "spectrum"
          LParen@1377..1378 "("
          Ident@1378..1391 "orbit_env_ref"
          RParen@1391..1392 ")"
        Newline@1392..1393 "\n"
      Whitespace@1393..1401 "        "
      Field@1401..1467
        Ident@1401..1405 "sink"
        Colon@1405..1406 ":"
        Whitespace@1406..1413 "       "
        CallExpr@1413..1434
          NameRef@1413..1422
            Ident@1413..1422 "radiative"
          ArgList@1422..1434
            LParen@1422..1423 "("
            NameRef@1423..1433
              Ident@1423..1433 "deep_space"
            RParen@1433..1434 ")"
        OpaqueIsland@1434..1466
          Comma@1434..1435 ","
          Whitespace@1435..1436 " "
          Ident@1436..1442 "albedo"
          Eq@1442..1443 "="
          Ident@1443..1451 "spectrum"
          LParen@1451..1452 "("
          Ident@1452..1465 "orbit_env_ref"
          RParen@1465..1466 ")"
        Newline@1466..1467 "\n"
      Whitespace@1467..1475 "        "
      Field@1475..1514
        Ident@1475..1484 "radiation"
        Colon@1484..1485 ":"
        Whitespace@1485..1487 "  "
        CallExpr@1487..1513
          NameRef@1487..1490
            Ident@1487..1490 "tid"
          ArgList@1490..1513
            LParen@1490..1491 "("
            QuantityLit@1491..1497
              Number@1491..1493 "10"
              Ident@1493..1497 "krad"
            Comma@1497..1498 ","
            Whitespace@1498..1499 " "
            BinExpr@1499..1512
              NameRef@1499..1505
                Ident@1499..1505 "behind"
              Eq@1505..1506 "="
              QuantityLit@1506..1512
                Number@1506..1507 "1"
                Ident@1507..1512 "mm_al"
            RParen@1512..1513 ")"
        Newline@1513..1514 "\n"
      Whitespace@1514..1522 "        "
      Field@1522..1540
        Ident@1522..1533 "design_life"
        Colon@1533..1534 ":"
        Whitespace@1534..1535 " "
        Number@1535..1536 "2"
        Whitespace@1536..1537 " "
        OpaqueIsland@1537..1539
          Ident@1537..1539 "yr"
        Newline@1539..1540 "\n"
      Newline@1540..1541 "\n"
      Whitespace@1541..1545 "    "
      Dedent@1545..1545 ""
    Field@1545..1621
      Ident@1545..1553 "reserves"
      Colon@1553..1554 ":"
      Newline@1554..1555 "\n"
      Whitespace@1555..1563 "        "
      Indent@1563..1563 ""
      Field@1563..1574
        Ident@1563..1567 "mass"
        Colon@1567..1568 ":"
        Whitespace@1568..1570 "  "
        QuantityLit@1570..1573
          Number@1570..1572 "80"
          Ident@1572..1573 "g"
        Newline@1573..1574 "\n"
      Whitespace@1574..1582 "        "
      Field@1582..1599
        Ident@1582..1587 "power"
        Colon@1587..1588 ":"
        Whitespace@1588..1589 " "
        QuantityLit@1589..1594
          Number@1589..1592 "150"
          Ident@1592..1594 "mW"
        Whitespace@1594..1595 " "
        OpaqueIsland@1595..1598
          Ident@1595..1598 "avg"
        Newline@1598..1599 "\n"
      Whitespace@1599..1607 "        "
      Field@1607..1616
        Ident@1607..1611 "gpio"
        Colon@1611..1612 ":"
        Whitespace@1612..1614 "  "
        Number@1614..1615 "4"
        Newline@1615..1616 "\n"
      Newline@1616..1617 "\n"
      Whitespace@1617..1621 "    "
      Dedent@1621..1621 ""
    Field@1621..2802
      Ident@1621..1628 "intents"
      Colon@1628..1629 ":"
      Newline@1629..1630 "\n"
      Whitespace@1630..1638 "        "
      Comment@1638..1700 "# Partition pins are  ..."
      Newline@1700..1701 "\n"
      Whitespace@1701..1709 "        "
      Comment@1709..1767 "# lock family word EO ..."
      Newline@1767..1768 "\n"
      Whitespace@1768..1776 "        "
      Comment@1776..1838 "# lives on that part\" ..."
      Newline@1838..1839 "\n"
      Whitespace@1839..1847 "        "
      Indent@1847..1847 ""
      OpaqueIsland@1847..1967
        ImageKw@1847..1852 "image"
        Colon@1852..1853 ":"
        Whitespace@1853..1854 " "
        Ident@1854..1859 "sense"
        LParen@1859..1860 "("
        ImageKw@1860..1865 "image"
        LParen@1865..1866 "("
        Number@1866..1870 "2048"
        Whitespace@1870..1871 " "
        Ident@1871..1872 "x"
        Whitespace@1872..1873 " "
        Number@1873..1877 "1536"
        Comma@1877..1878 ","
        Whitespace@1878..1879 " "
        Number@1879..1881 "12"
        Ident@1881..1884 "bit"
        RParen@1884..1885 ")"
        RParen@1885..1886 ")"
        Whitespace@1886..1887 " "
        HostedOnKw@1887..1896 "hosted_on"
        Whitespace@1896..1897 " "
        Ident@1897..1904 "payload"
        Colon@1904..1905 ":"
        Newline@1905..1906 "\n"
        Whitespace@1906..1918 "            "
        Indent@1918..1918 ""
        Ident@1918..1921 "gsd"
        Colon@1921..1922 ":"
        Whitespace@1922..1924 "  "
        LtEq@1924..1926 "<="
        Whitespace@1926..1927 " "
        Number@1927..1929 "30"
        Ident@1929..1930 "m"
        Newline@1930..1931 "\n"
        Whitespace@1931..1943 "            "
        Ident@1943..1947 "rate"
        Colon@1947..1948 ":"
        Whitespace@1948..1949 " "
        GtEq@1949..1951 ">="
        Whitespace@1951..1952 " "
        Number@1952..1954 "16"
        Slash@1954..1955 "/"
        Ident@1955..1958 "day"
        Newline@1958..1959 "\n"
        Whitespace@1959..1967 "        "
        Dedent@1967..1967 ""
      Field@1967..2085
        Ident@1967..1976 "sense_att"
        Colon@1976..1977 ":"
        Whitespace@1977..1978 " "
        CallExpr@1978..2001
          NameRef@1978..1983
            Ident@1978..1983 "sense"
          ArgList@1983..2001
            LParen@1983..1984 "("
            Path@1984..2000
              Ident@1984..1988 "geom"
              Dot@1988..1989 "."
              Ident@1989..2000 "orientation"
            RParen@2000..2001 ")"
        Whitespace@2001..2002 " "
        OpaqueIsland@2002..2017
          HostedOnKw@2002..2011 "hosted_on"
          Whitespace@2011..2012 " "
          Ident@2012..2016 "adcs"
          Colon@2016..2017 ":"
        Newline@2017..2018 "\n"
        Whitespace@2018..2030 "            "
        Indent@2030..2030 ""
        Field@2030..2048
          Ident@2030..2038 "accuracy"
          Colon@2038..2039 ":"
          Whitespace@2039..2040 " "
          UnaryExpr@2040..2047
            LtEq@2040..2042 "<="
            Whitespace@2042..2043 " "
            QuantityLit@2043..2047
              Number@2043..2044 "1"
              Ident@2044..2047 "deg"
          Newline@2047..2048 "\n"
        Whitespace@2048..2060 "            "
        Field@2060..2077
          Ident@2060..2064 "rate"
          Colon@2064..2065 ":"
          Whitespace@2065..2070 "     "
          UnaryExpr@2070..2076
            GtEq@2070..2072 ">="
            Whitespace@2072..2073 " "
            QuantityLit@2073..2076
              Number@2073..2074 "4"
              Ident@2074..2076 "Hz"
          Newline@2076..2077 "\n"
        Whitespace@2077..2085 "        "
        Dedent@2085..2085 ""
      Field@2085..2235
        Ident@2085..2091 "decide"
        Colon@2091..2092 ":"
        Whitespace@2092..2093 " "
        CallExpr@2093..2110
          NameRef@2093..2100
            Ident@2093..2100 "compute"
          ArgList@2100..2110
            LParen@2100..2101 "("
            NameRef@2101..2109
              Ident@2101..2109 "adcs_law"
            RParen@2109..2110 ")"
        Whitespace@2110..2111 " "
        OpaqueIsland@2111..2125
          HostedOnKw@2111..2120 "hosted_on"
          Whitespace@2120..2121 " "
          Ident@2121..2124 "obc"
          Colon@2124..2125 ":"
        Newline@2125..2126 "\n"
        Whitespace@2126..2138 "            "
        Indent@2138..2138 ""
        Field@2138..2151
          Ident@2138..2142 "rate"
          Colon@2142..2143 ":"
          Whitespace@2143..2147 "    "
          QuantityLit@2147..2150
            Number@2147..2148 "4"
            Ident@2148..2150 "Hz"
          Newline@2150..2151 "\n"
        Whitespace@2151..2163 "            "
        Field@2163..2179
          Ident@2163..2170 "latency"
          Colon@2170..2171 ":"
          Whitespace@2171..2172 " "
          UnaryExpr@2172..2178
            Lt@2172..2173 "<"
            Whitespace@2173..2174 " "
            QuantityLit@2174..2178
              Number@2174..2176 "50"
              Ident@2176..2178 "ms"
          Newline@2178..2179 "\n"
        Whitespace@2179..2191 "            "
        Field@2191..2227
          Ident@2191..2196 "state"
          Colon@2196..2197 ":"
          Whitespace@2197..2200 "   "
          CallExpr@2200..2226
            NameRef@2200..2209
              Ident@2200..2209 "ephemeris"
            ArgList@2209..2226
              LParen@2209..2210 "("
              QuantityLit@2210..2213
                Number@2210..2211 "4"
                Ident@2211..2213 "kB"
              Comma@2213..2214 ","
              Whitespace@2214..2215 " "
              NameRef@2215..2225
                Ident@2215..2225 "persistent"
              RParen@2225..2226 ")"
          Newline@2226..2227 "\n"
        Whitespace@2227..2235 "        "
        Dedent@2235..2235 ""
      Field@2235..2360
        Ident@2235..2241 "crunch"
        Colon@2241..2242 ":"
        Whitespace@2242..2243 " "
        CallExpr@2243..2268
          NameRef@2243..2250
            Ident@2243..2250 "compute"
          ArgList@2250..2268
            LParen@2250..2251 "("
            NameRef@2251..2267
              Ident@2251..2267 "tile_compression"
            RParen@2267..2268 ")"
        Whitespace@2268..2269 " "
        OpaqueIsland@2269..2287
          HostedOnKw@2269..2278 "hosted_on"
          Whitespace@2278..2279 " "
          Ident@2279..2286 "payload"
          Colon@2286..2287 ":"
        Newline@2287..2288 "\n"
        Whitespace@2288..2300 "            "
        Indent@2300..2300 ""
        Field@2300..2322
          Ident@2300..2304 "rate"
          Colon@2304..2305 ":"
          Whitespace@2305..2309 "    "
          BinExpr@2309..2319
            UnaryExpr@2309..2316
              GtEq@2309..2311 ">="
              Whitespace@2311..2312 " "
              QuantityLit@2312..2316
                Number@2312..2314 "30"
                Ident@2314..2316 "MB"
            Slash@2316..2317 "/"
            NameRef@2317..2318
              Ident@2317..2318 "s"
            Whitespace@2318..2319 " "
          OpaqueIsland@2319..2321
            InKw@2319..2321 "in"
          Newline@2321..2322 "\n"
        Whitespace@2322..2334 "            "
        Field@2334..2352
          Ident@2334..2341 "latency"
          Colon@2341..2342 ":"
          Whitespace@2342..2343 " "
          UnaryExpr@2343..2351
            LtEq@2343..2345 "<="
            Whitespace@2345..2346 " "
            QuantityLit@2346..2351
              Number@2346..2349 "500"
              Ident@2349..2351 "ms"
          Newline@2351..2352 "\n"
        Whitespace@2352..2360 "        "
        Dedent@2360..2360 ""
      Field@2360..2426
        Ident@2360..2365 "point"
        Colon@2365..2366 ":"
        Whitespace@2366..2367 " "
        CallExpr@2367..2390
          NameRef@2367..2374
            Ident@2367..2374 "actuate"
          ArgList@2374..2390
            LParen@2374..2375 "("
            CallExpr@2375..2390
              NameRef@2375..2387
                Ident@2375..2387 "magnetorquer"
              ArgList@2387..2390
                LParen@2387..2388 "("
                Number@2388..2389 "3"
                Whitespace@2389..2390 " "
        OpaqueIsland@2390..2425
          Ident@2390..2394 "axis"
          Comma@2394..2395 ","
          Whitespace@2395..2396 " "
          GtEq@2396..2398 ">="
          Whitespace@2398..2399 " "
          Number@2399..2403 "0.18"
          Whitespace@2403..2404 " "
          Ident@2404..2405 "A"
          Star@2405..2406 "*"
          Ident@2406..2408 "m2"
          RParen@2408..2409 ")"
          RParen@2409..2410 ")"
          Whitespace@2410..2411 " "
          HostedOnKw@2411..2420 "hosted_on"
          Whitespace@2420..2421 " "
          Ident@2421..2425 "adcs"
        Newline@2425..2426 "\n"
      Whitespace@2426..2434 "        "
      Field@2434..2569
        Ident@2434..2442 "downlink"
        Colon@2442..2443 ":"
        Whitespace@2443..2444 " "
        CallExpr@2444..2480
          NameRef@2444..2455
            Ident@2444..2455 "communicate"
          ArgList@2455..2480
            LParen@2455..2456 "("
            CallExpr@2456..2479
              NameRef@2456..2470
                Ident@2456..2470 "ground_station"
              ArgList@2470..2479
                LParen@2470..2471 "("
                NameRef@2471..2478
                  Ident@2471..2478 "uhf_437"
                RParen@2478..2479 ")"
            RParen@2479..2480 ")"
        Whitespace@2480..2481 " "
        OpaqueIsland@2481..2497
          HostedOnKw@2481..2490 "hosted_on"
          Whitespace@2490..2491 " "
          Ident@2491..2496 "comms"
          Colon@2496..2497 ":"
        Newline@2497..2498 "\n"
        Whitespace@2498..2510 "            "
        Indent@2510..2510 ""
        Field@2510..2529
          Ident@2510..2514 "rate"
          Colon@2514..2515 ":"
          Whitespace@2515..2518 "   "
          UnaryExpr@2518..2528
            GtEq@2518..2520 ">="
            Whitespace@2520..2521 " "
            QuantityLit@2521..2528
              Number@2521..2525 "9600"
              Ident@2525..2528 "bps"
          Newline@2528..2529 "\n"
        Whitespace@2529..2541 "            "
        Field@2541..2561
          Ident@2541..2547 "volume"
          Colon@2547..2548 ":"
          Whitespace@2548..2549 " "
          BinExpr@2549..2560
            UnaryExpr@2549..2556
              GtEq@2549..2551 ">="
              Whitespace@2551..2552 " "
              QuantityLit@2552..2556
                Number@2552..2554 "15"
                Ident@2554..2556 "MB"
            Slash@2556..2557 "/"
            NameRef@2557..2560
              Ident@2557..2560 "day"
          Newline@2560..2561 "\n"
        Whitespace@2561..2569 "        "
        Dedent@2569..2569 ""
      Field@2569..2668
        Ident@2569..2575 "uplink"
        Colon@2575..2576 ":"
        Whitespace@2576..2577 " "
        CallExpr@2577..2613
          NameRef@2577..2588
            Ident@2577..2588 "communicate"
          ArgList@2588..2613
            LParen@2588..2589 "("
            CallExpr@2589..2612
              NameRef@2589..2603
                Ident@2589..2603 "ground_station"
              ArgList@2603..2612
                LParen@2603..2604 "("
                NameRef@2604..2611
                  Ident@2604..2611 "uhf_437"
                RParen@2611..2612 ")"
            RParen@2612..2613 ")"
        Whitespace@2613..2614 " "
        OpaqueIsland@2614..2630
          HostedOnKw@2614..2623 "hosted_on"
          Whitespace@2623..2624 " "
          Ident@2624..2629 "comms"
          Colon@2629..2630 ":"
        Newline@2630..2631 "\n"
        Whitespace@2631..2643 "            "
        Indent@2643..2643 ""
        Field@2643..2660
          Ident@2643..2647 "rate"
          Colon@2647..2648 ":"
          Whitespace@2648..2649 " "
          UnaryExpr@2649..2659
            GtEq@2649..2651 ">="
            Whitespace@2651..2652 " "
            QuantityLit@2652..2659
              Number@2652..2656 "1200"
              Ident@2656..2659 "bps"
          Newline@2659..2660 "\n"
        Whitespace@2660..2668 "        "
        Dedent@2668..2668 ""
      Field@2668..2728
        Ident@2668..2672 "keep"
        Colon@2672..2673 ":"
        Whitespace@2673..2674 " "
        CallExpr@2674..2707
          NameRef@2674..2679
            Ident@2674..2679 "store"
          ArgList@2679..2707
            LParen@2679..2680 "("
            CallExpr@2680..2707
              NameRef@2680..2686
                Ident@2680..2686 "images"
              ArgList@2686..2707
                LParen@2686..2687 "("
                QuantityLit@2687..2690
                  Number@2687..2688 "2"
                  Ident@2688..2690 "GB"
                Comma@2690..2691 ","
                Whitespace@2691..2692 " "
                BinExpr@2692..2707
                  NameRef@2692..2701
                    Ident@2692..2701 "retention"
                  Whitespace@2701..2702 " "
                  GtEq@2702..2704 ">="
                  Whitespace@2704..2705 " "
                  Number@2705..2706 "7"
                  Whitespace@2706..2707 " "
        OpaqueIsland@2707..2727
          Ident@2707..2711 "days"
          RParen@2711..2712 ")"
          RParen@2712..2713 ")"
          Whitespace@2713..2714 " "
          HostedOnKw@2714..2723 "hosted_on"
          Whitespace@2723..2724 " "
          Ident@2724..2727 "obc"
        Newline@2727..2728 "\n"
      Whitespace@2728..2736 "        "
      Field@2736..2797
        Ident@2736..2746 "deploy_ant"
        Colon@2746..2747 ":"
        Whitespace@2747..2748 " "
        CallExpr@2748..2780
          NameRef@2748..2755
            Ident@2748..2755 "actuate"
          ArgList@2755..2780
            LParen@2755..2756 "("
            CallExpr@2756..2779
              NameRef@2756..2765
                Ident@2756..2765 "burn_wire"
              ArgList@2765..2779
                LParen@2765..2766 "("
                QuantityLit@2766..2768
                  Number@2766..2767 "4"
                  Ident@2767..2768 "J"
                Comma@2768..2769 ","
                Whitespace@2769..2770 " "
                NameRef@2770..2778
                  Ident@2770..2778 "one_shot"
                RParen@2778..2779 ")"
            RParen@2779..2780 ")"
        Whitespace@2780..2781 " "
        OpaqueIsland@2781..2796
          HostedOnKw@2781..2790 "hosted_on"
          Whitespace@2790..2791 " "
          Ident@2791..2796 "comms"
        Newline@2796..2797 "\n"
      Newline@2797..2798 "\n"
      Whitespace@2798..2802 "    "
      Dedent@2802..2802 ""
    FlowsBlock@2802..2992
      Ident@2802..2807 "flows"
      Colon@2807..2808 ":"
      Newline@2808..2809 "\n"
      Whitespace@2809..2817 "        "
      Indent@2817..2817 ""
      OpaqueIsland@2817..2833
        ImageKw@2817..2822 "image"
        Whitespace@2822..2823 " "
        Minus@2823..2824 "-"
        Gt@2824..2825 ">"
        Whitespace@2825..2826 " "
        Ident@2826..2832 "crunch"
        Newline@2832..2833 "\n"
      Whitespace@2833..2841 "        "
      OpaqueIsland@2841..2856
        Ident@2841..2847 "crunch"
        Whitespace@2847..2848 " "
        Minus@2848..2849 "-"
        Gt@2849..2850 ">"
        Whitespace@2850..2851 " "
        Ident@2851..2855 "keep"
        Newline@2855..2856 "\n"
      Whitespace@2856..2864 "        "
      OpaqueIsland@2864..2881
        Ident@2864..2868 "keep"
        Whitespace@2868..2869 " "
        Minus@2869..2870 "-"
        Gt@2870..2871 ">"
        Whitespace@2871..2872 " "
        Ident@2872..2880 "downlink"
        Newline@2880..2881 "\n"
      Whitespace@2881..2889 "        "
      OpaqueIsland@2889..2909
        Ident@2889..2898 "sense_att"
        Whitespace@2898..2899 " "
        Minus@2899..2900 "-"
        Gt@2900..2901 ">"
        Whitespace@2901..2902 " "
        Ident@2902..2908 "decide"
        Newline@2908..2909 "\n"
      Whitespace@2909..2917 "        "
      OpaqueIsland@2917..2934
        Ident@2917..2923 "uplink"
        Whitespace@2923..2924 " "
        Minus@2924..2925 "-"
        Gt@2925..2926 ">"
        Whitespace@2926..2927 " "
        Ident@2927..2933 "decide"
        Newline@2933..2934 "\n"
      Whitespace@2934..2942 "        "
      OpaqueIsland@2942..2958
        Ident@2942..2948 "decide"
        Whitespace@2948..2949 " "
        Minus@2949..2950 "-"
        Gt@2950..2951 ">"
        Whitespace@2951..2952 " "
        Ident@2952..2957 "point"
        Newline@2957..2958 "\n"
      Whitespace@2958..2966 "        "
      OpaqueIsland@2966..2987
        Ident@2966..2972 "decide"
        Whitespace@2972..2973 " "
        Minus@2973..2974 "-"
        Gt@2974..2975 ">"
        Whitespace@2975..2976 " "
        Ident@2976..2986 "deploy_ant"
        Newline@2986..2987 "\n"
      Newline@2987..2988 "\n"
      Whitespace@2988..2992 "    "
      Dedent@2992..2992 ""
    ConnectBlock@2992..4043
      Ident@2992..2999 "connect"
      Colon@2999..3000 ":"
      Newline@3000..3001 "\n"
      Whitespace@3001..3009 "        "
      Comment@3009..3071 "# the stack: EPS harn ..."
      Newline@3071..3072 "\n"
      Whitespace@3072..3080 "        "
      Indent@3080..3080 ""
      Field@3080..3140
        Ident@3080..3087 "bus_obc"
        Colon@3087..3088 ":"
        Whitespace@3088..3093 "     "
        CallExpr@3093..3139
          NameRef@3093..3102
            Ident@3093..3102 "StackMate"
          ArgList@3102..3139
            LParen@3102..3103 "("
            BinExpr@3103..3121
              NameRef@3103..3104
                Ident@3103..3104 "a"
              Eq@3104..3105 "="
              Path@3105..3121
                Ident@3105..3108 "eps"
                Dot@3108..3109 "."
                Ident@3109..3121 "StackHarness"
            Comma@3121..3122 ","
            Whitespace@3122..3123 " "
            BinExpr@3123..3138
              NameRef@3123..3124
                Ident@3123..3124 "b"
              Eq@3124..3125 "="
              Path@3125..3138
                Ident@3125..3128 "obc"
                Dot@3128..3129 "."
                Ident@3129..3138 "StackCard"
            RParen@3138..3139 ")"
        Newline@3139..3140 "\n"
      Whitespace@3140..3148 "        "
      Field@3148..3209
        Ident@3148..3156 "bus_adcs"
        Colon@3156..3157 ":"
        Whitespace@3157..3161 "    "
        CallExpr@3161..3208
          NameRef@3161..3170
            Ident@3161..3170 "StackMate"
          ArgList@3170..3208
            LParen@3170..3171 "("
            BinExpr@3171..3189
              NameRef@3171..3172
                Ident@3171..3172 "a"
              Eq@3172..3173 "="
              Path@3173..3189
                Ident@3173..3176 "eps"
                Dot@3176..3177 "."
                Ident@3177..3189 "StackHarness"
            Comma@3189..3190 ","
            Whitespace@3190..3191 " "
            BinExpr@3191..3207
              NameRef@3191..3192
                Ident@3191..3192 "b"
              Eq@3192..3193 "="
              Path@3193..3207
                Ident@3193..3197 "adcs"
                Dot@3197..3198 "."
                Ident@3198..3207 "StackCard"
            RParen@3207..3208 ")"
        Newline@3208..3209 "\n"
      Whitespace@3209..3217 "        "
      Field@3217..3279
        Ident@3217..3226 "bus_comms"
        Colon@3226..3227 ":"
        Whitespace@3227..3230 "   "
        CallExpr@3230..3278
          NameRef@3230..3239
            Ident@3230..3239 "StackMate"
          ArgList@3239..3278
            LParen@3239..3240 "("
            BinExpr@3240..3258
              NameRef@3240..3241
                Ident@3240..3241 "a"
              Eq@3241..3242 "="
              Path@3242..3258
                Ident@3242..3245 "eps"
                Dot@3245..3246 "."
                Ident@3246..3258 "StackHarness"
            Comma@3258..3259 ","
            Whitespace@3259..3260 " "
            BinExpr@3260..3277
              NameRef@3260..3261
                Ident@3260..3261 "b"
              Eq@3261..3262 "="
              Path@3262..3277
                Ident@3262..3267 "comms"
                Dot@3267..3268 "."
                Ident@3268..3277 "StackCard"
            RParen@3277..3278 ")"
        Newline@3278..3279 "\n"
      Whitespace@3279..3287 "        "
      Field@3287..3351
        Ident@3287..3298 "bus_payload"
        Colon@3298..3299 ":"
        Whitespace@3299..3300 " "
        CallExpr@3300..3350
          NameRef@3300..3309
            Ident@3300..3309 "StackMate"
          ArgList@3309..3350
            LParen@3309..3310 "("
            BinExpr@3310..3328
              NameRef@3310..3311
                Ident@3310..3311 "a"
              Eq@3311..3312 "="
              Path@3312..3328
                Ident@3312..3315 "eps"
                Dot@3315..3316 "."
                Ident@3316..3328 "StackHarness"
            Comma@3328..3329 ","
            Whitespace@3329..3330 " "
            BinExpr@3330..3349
              NameRef@3330..3331
                Ident@3330..3331 "b"
              Eq@3331..3332 "="
              Path@3332..3349
                Ident@3332..3339 "payload"
                Dot@3339..3340 "."
                Ident@3340..3349 "StackCard"
            RParen@3349..3350 ")"
        Newline@3350..3351 "\n"
      Whitespace@3351..3359 "        "
      Comment@3359..3388 "# cards into the fram ..."
      Newline@3388..3389 "\n"
      Whitespace@3389..3397 "        "
      Field@3397..3456
        Ident@3397..3402 "m_eps"
        Colon@3402..3403 ":"
        Whitespace@3403..3408 "     "
        CallExpr@3408..3455
          NameRef@3408..3417
            Ident@3408..3417 "CardMount"
          ArgList@3417..3455
            LParen@3417..3418 "("
            BinExpr@3418..3433
              NameRef@3418..3419
                Ident@3418..3419 "a"
              Eq@3419..3420 "="
              Path@3420..3433
                Ident@3420..3425 "frame"
                Dot@3425..3426 "."
                Ident@3426..3433 "bay_eps"
            Comma@3433..3434 ","
            Whitespace@3434..3439 "     "
            BinExpr@3439..3454
              NameRef@3439..3440
                Ident@3439..3440 "b"
              Eq@3440..3441 "="
              Path@3441..3454
                Ident@3441..3444 "eps"
                Dot@3444..3445 "."
                Ident@3445..3454 "StackCard"
            RParen@3454..3455 ")"
        Newline@3455..3456 "\n"
      Whitespace@3456..3464 "        "
      Field@3464..3523
        Ident@3464..3469 "m_obc"
        Colon@3469..3470 ":"
        Whitespace@3470..3475 "     "
        CallExpr@3475..3522
          NameRef@3475..3484
            Ident@3475..3484 "CardMount"
          ArgList@3484..3522
            LParen@3484..3485 "("
            BinExpr@3485..3500
              NameRef@3485..3486
                Ident@3485..3486 "a"
              Eq@3486..3487 "="
              Path@3487..3500
                Ident@3487..3492 "frame"
                Dot@3492..3493 "."
                Ident@3493..3500 "bay_obc"
            Comma@3500..3501 ","
            Whitespace@3501..3506 "     "
            BinExpr@3506..3521
              NameRef@3506..3507
                Ident@3506..3507 "b"
              Eq@3507..3508 "="
              Path@3508..3521
                Ident@3508..3511 "obc"
                Dot@3511..3512 "."
                Ident@3512..3521 "StackCard"
            RParen@3521..3522 ")"
        Newline@3522..3523 "\n"
      Whitespace@3523..3531 "        "
      Field@3531..3591
        Ident@3531..3537 "m_adcs"
        Colon@3537..3538 ":"
        Whitespace@3538..3542 "    "
        CallExpr@3542..3590
          NameRef@3542..3551
            Ident@3542..3551 "CardMount"
          ArgList@3551..3590
            LParen@3551..3552 "("
            BinExpr@3552..3568
              NameRef@3552..3553
                Ident@3552..3553 "a"
              Eq@3553..3554 "="
              Path@3554..3568
                Ident@3554..3559 "frame"
                Dot@3559..3560 "."
                Ident@3560..3568 "bay_adcs"
            Comma@3568..3569 ","
            Whitespace@3569..3573 "    "
            BinExpr@3573..3589
              NameRef@3573..3574
                Ident@3573..3574 "b"
              Eq@3574..3575 "="
              Path@3575..3589
                Ident@3575..3579 "adcs"
                Dot@3579..3580 "."
                Ident@3580..3589 "StackCard"
            RParen@3589..3590 ")"
        Newline@3590..3591 "\n"
      Whitespace@3591..3599 "        "
      Field@3599..3660
        Ident@3599..3606 "m_comms"
        Colon@3606..3607 ":"
        Whitespace@3607..3610 "   "
        CallExpr@3610..3659
          NameRef@3610..3619
            Ident@3610..3619 "CardMount"
          ArgList@3619..3659
            LParen@3619..3620 "("
            BinExpr@3620..3637
              NameRef@3620..3621
                Ident@3620..3621 "a"
              Eq@3621..3622 "="
              Path@3622..3637
                Ident@3622..3627 "frame"
                Dot@3627..3628 "."
                Ident@3628..3637 "bay_comms"
            Comma@3637..3638 ","
            Whitespace@3638..3641 "   "
            BinExpr@3641..3658
              NameRef@3641..3642
                Ident@3641..3642 "b"
              Eq@3642..3643 "="
              Path@3643..3658
                Ident@3643..3648 "comms"
                Dot@3648..3649 "."
                Ident@3649..3658 "StackCard"
            RParen@3658..3659 ")"
        Newline@3659..3660 "\n"
      Whitespace@3660..3668 "        "
      Field@3668..3731
        Ident@3668..3677 "m_payload"
        Colon@3677..3678 ":"
        Whitespace@3678..3679 " "
        CallExpr@3679..3730
          NameRef@3679..3688
            Ident@3679..3688 "CardMount"
          ArgList@3688..3730
            LParen@3688..3689 "("
            BinExpr@3689..3708
              NameRef@3689..3690
                Ident@3689..3690 "a"
              Eq@3690..3691 "="
              Path@3691..3708
                Ident@3691..3696 "frame"
                Dot@3696..3697 "."
                Ident@3697..3708 "bay_payload"
            Comma@3708..3709 ","
            Whitespace@3709..3710 " "
            BinExpr@3710..3729
              NameRef@3710..3711
                Ident@3710..3711 "b"
              Eq@3711..3712 "="
              Path@3712..3729
                Ident@3712..3719 "payload"
                Dot@3719..3720 "."
                Ident@3720..3729 "StackCard"
            RParen@3729..3730 ")"
        Newline@3730..3731 "\n"
      Whitespace@3731..3739 "        "
      Comment@3739..3791 "# antenna: RF + relea ..."
      Newline@3791..3792 "\n"
      Whitespace@3792..3800 "        "
      Field@3800..3861
        Ident@3800..3803 "ant"
        Colon@3803..3804 ":"
        Whitespace@3804..3805 " "
        CallExpr@3805..3860
          NameRef@3805..3816
            Ident@3805..3816 "AntennaMate"
          ArgList@3816..3860
            LParen@3816..3817 "("
            BinExpr@3817..3836
              NameRef@3817..3818
                Ident@3817..3818 "a"
              Eq@3818..3819 "="
              Path@3819..3836
                Ident@3819..3824 "comms"
                Dot@3824..3825 "."
                Ident@3825..3836 "AntennaPort"
            Comma@3836..3837 ","
            Whitespace@3837..3838 " "
            BinExpr@3838..3859
              NameRef@3838..3839
                Ident@3838..3839 "b"
              Eq@3839..3840 "="
              Path@3840..3859
                Ident@3840..3847 "antenna"
                Dot@3847..3848 "."
                Ident@3848..3859 "AntennaPort"
            RParen@3859..3860 ")"
        Newline@3860..3861 "\n"
      Newline@3861..3862 "\n"
      Whitespace@3862..3866 "    "
      Comment@3866..3930 "# ---- Budgets. `kind ..."
      Newline@3930..3931 "\n"
      Whitespace@3931..3935 "    "
      Comment@3935..3997 "# std ships tolerance ..."
      Newline@3997..3998 "\n"
      Whitespace@3998..4002 "    "
      Comment@4002..4037 "# from this cycle, ma ..."
      Newline@4037..4038 "\n"
      Newline@4038..4039 "\n"
      Whitespace@4039..4043 "    "
      Dedent@4043..4043 ""
    BudgetStmt@4043..4312
      BudgetKw@4043..4049 "budget"
      Whitespace@4049..4050 " "
      Ident@4050..4060 "mass_total"
      Colon@4060..4061 ":"
      Whitespace@4061..4062 " "
      Ident@4062..4066 "kind"
      Eq@4066..4067 "="
      Ident@4067..4071 "mass"
      Newline@4071..4072 "\n"
      Whitespace@4072..4080 "        "
      Indent@4080..4080 ""
      RequireClaim@4080..4139
        RequireKw@4080..4087 "require"
        Colon@4087..4088 ":"
        Whitespace@4088..4089 " "
        Ident@4089..4093 "mech"
        Dot@4093..4094 "."
        Ident@4094..4098 "mass"
        LParen@4098..4099 "("
        Ident@4099..4102 "all"
        RParen@4102..4103 ")"
        Whitespace@4103..4104 " "
        LtEq@4104..4106 "<="
        Whitespace@4106..4107 " "
        Number@4107..4111 "1330"
        Ident@4111..4112 "g"
        Whitespace@4112..4117 "     "
        Comment@4117..4138 "# 1U + margin per LSP"
        Newline@4138..4139 "\n"
      Whitespace@4139..4147 "        "
      Field@4147..4205
        Ident@4147..4154 "members"
        Colon@4154..4155 ":"
        Whitespace@4155..4156 " "
        IntervalExpr@4156..4204
          LBracket@4156..4157 "["
          NameRef@4157..4162
            Ident@4157..4162 "frame"
          Comma@4162..4163 ","
          Whitespace@4163..4164 " "
          NameRef@4164..4171
            Ident@4164..4171 "antenna"
          Comma@4171..4172 ","
          Whitespace@4172..4173 " "
          NameRef@4173..4176
            Ident@4173..4176 "eps"
          Comma@4176..4177 ","
          Whitespace@4177..4178 " "
          NameRef@4178..4181
            Ident@4178..4181 "obc"
          Comma@4181..4182 ","
          Whitespace@4182..4183 " "
          NameRef@4183..4187
            Ident@4183..4187 "adcs"
          Comma@4187..4188 ","
          Whitespace@4188..4189 " "
          NameRef@4189..4194
            Ident@4189..4194 "comms"
          Comma@4194..4195 ","
          Whitespace@4195..4196 " "
          NameRef@4196..4203
            Ident@4196..4203 "payload"
          RBracket@4203..4204 "]"
        Newline@4204..4205 "\n"
      Whitespace@4205..4213 "        "
      Field@4213..4236
        Ident@4213..4221 "allocate"
        Colon@4221..4222 ":"
        Whitespace@4222..4223 " "
        NameRef@4223..4235
          Ident@4223..4235 "cost_optimal"
        Newline@4235..4236 "\n"
      Whitespace@4236..4244 "        "
      LockedBlock@4244..4307
        LockedKw@4244..4250 "locked"
        Colon@4250..4251 ":"
        Whitespace@4251..4252 " "
        Ident@4252..4257 "frame"
        Colon@4257..4258 ":"
        Whitespace@4258..4259 " "
        Number@4259..4262 "210"
        Ident@4262..4263 "g"
        Whitespace@4263..4287 "                        "
        Comment@4287..4306 "# already committed"
        Newline@4306..4307 "\n"
      Newline@4307..4308 "\n"
      Whitespace@4308..4312 "    "
      Dedent@4312..4312 ""
    BudgetStmt@4312..4848
      BudgetKw@4312..4318 "budget"
      Whitespace@4318..4319 " "
      Ident@4319..4331 "orbit_energy"
      Colon@4331..4332 ":"
      Whitespace@4332..4333 " "
      Ident@4333..4337 "kind"
      Eq@4337..4338 "="
      Ident@4338..4344 "energy"
      Newline@4344..4345 "\n"
      Whitespace@4345..4353 "        "
      Indent@4353..4353 ""
      RequireClaim@4353..4524
        RequireKw@4353..4360 "require"
        Colon@4360..4361 ":"
        Whitespace@4361..4362 " "
        Ident@4362..4366 "elec"
        Dot@4366..4367 "."
        Ident@4367..4373 "energy"
        LParen@4373..4374 "("
        Ident@4374..4377 "all"
        Comma@4377..4378 ","
        Whitespace@4378..4379 " "
        Ident@4379..4383 "over"
        Eq@4383..4384 "="
        Ident@4384..4392 "boundary"
        Dot@4392..4393 "."
        Ident@4393..4398 "orbit"
        Dot@4398..4399 "."
        ProfileKw@4399..4406 "profile"
        RParen@4406..4407 ")"
        Newline@4407..4408 "\n"
        Whitespace@4408..4429 "                     "
        Indent@4429..4429 ""
        OpaqueIsland@4429..4487
          LtEq@4429..4431 "<="
          Whitespace@4431..4432 " "
          Ident@4432..4436 "elec"
          Dot@4436..4437 "."
          Ident@4437..4443 "energy"
          LParen@4443..4444 "("
          Ident@4444..4447 "eps"
          Dot@4447..4448 "."
          Ident@4448..4455 "harvest"
          Comma@4455..4456 ","
          Whitespace@4456..4457 " "
          Ident@4457..4461 "over"
          Eq@4461..4462 "="
          Ident@4462..4470 "boundary"
          Dot@4470..4471 "."
          Ident@4471..4476 "orbit"
          Dot@4476..4477 "."
          ProfileKw@4477..4484 "profile"
          RParen@4484..4485 ")"
          Comma@4485..4486 ","
          Newline@4486..4487 "\n"
        Whitespace@4487..4508 "                     "
        CtorStmt@4508..4516
          Ident@4508..4510 "sf"
          Eq@4510..4511 "="
          Number@4511..4515 "1.15"
          Newline@4515..4516 "\n"
        Whitespace@4516..4524 "        "
        Dedent@4524..4524 ""
      Field@4524..4561
        Ident@4524..4531 "members"
        Colon@4531..4532 ":"
        Whitespace@4532..4533 " "
        IntervalExpr@4533..4560
          LBracket@4533..4534 "["
          NameRef@4534..4537
            Ident@4534..4537 "obc"
          Comma@4537..4538 ","
          Whitespace@4538..4539 " "
          NameRef@4539..4543
            Ident@4539..4543 "adcs"
          Comma@4543..4544 ","
          Whitespace@4544..4545 " "
          NameRef@4545..4550
            Ident@4545..4550 "comms"
          Comma@4550..4551 ","
          Whitespace@4551..4552 " "
          NameRef@4552..4559
            Ident@4552..4559 "payload"
          RBracket@4559..4560 "]"
        Newline@4560..4561 "\n"
      Whitespace@4561..4569 "        "
      Field@4569..4592
        Ident@4569..4577 "allocate"
        Colon@4577..4578 ":"
        Whitespace@4578..4579 " "
        NameRef@4579..4591
          Ident@4579..4591 "cost_optimal"
        Newline@4591..4592 "\n"
      Whitespace@4592..4600 "        "
      LockedBlock@4600..4642
        LockedKw@4600..4606 "locked"
        Colon@4606..4607 ":"
        Whitespace@4607..4608 " "
        Ident@4608..4615 "payload"
        Colon@4615..4616 ":"
        Whitespace@4616..4617 " "
        Number@4617..4620 "1.4"
        Ident@4620..4621 "W"
        Whitespace@4621..4622 " "
        DuringKw@4622..4628 "during"
        Whitespace@4628..4629 " "
        Ident@4629..4631 "op"
        Whitespace@4631..4632 " "
        Eq@4632..4633 "="
        Whitespace@4633..4634 " "
        Ident@4634..4641 "imaging"
        Newline@4641..4642 "\n"
      Whitespace@4642..4650 "        "
      Comment@4650..4707 "# profile windows (su ..."
      Newline@4707..4708 "\n"
      Whitespace@4708..4716 "        "
      Comment@4716..4777 "# `over=` a periodic  ..."
      Newline@4777..4778 "\n"
      Whitespace@4778..4786 "        "
      Comment@4786..4842 "# are per-period quan ..."
      Newline@4842..4843 "\n"
      Newline@4843..4844 "\n"
      Whitespace@4844..4848 "    "
      Dedent@4848..4848 ""
    BudgetStmt@4848..5036
      BudgetKw@4848..4854 "budget"
      Whitespace@4854..4855 " "
      Ident@4855..4873 "pointing_knowledge"
      Colon@4873..4874 ":"
      Whitespace@4874..4875 " "
      Ident@4875..4879 "kind"
      Eq@4879..4880 "="
      Ident@4880..4885 "error"
      Newline@4885..4886 "\n"
      Whitespace@4886..4894 "        "
      Indent@4894..4894 ""
      RequireClaim@4894..4938
        RequireKw@4894..4901 "require"
        Colon@4901..4902 ":"
        Whitespace@4902..4903 " "
        Ident@4903..4908 "error"
        LParen@4908..4909 "("
        Ident@4909..4918 "sense_att"
        Whitespace@4918..4919 " "
        Minus@4919..4920 "-"
        Gt@4920..4921 ">"
        Whitespace@4921..4922 " "
        Ident@4922..4928 "decide"
        RParen@4928..4929 ")"
        Whitespace@4929..4930 " "
        LtEq@4930..4932 "<="
        Whitespace@4932..4933 " "
        Number@4933..4934 "1"
        Ident@4934..4937 "deg"
        Newline@4937..4938 "\n"
      Whitespace@4938..4946 "        "
      Field@4946..5000
        Ident@4946..4953 "members"
        Colon@4953..4954 ":"
        Whitespace@4954..4955 " "
        IntervalExpr@4955..4999
          LBracket@4955..4956 "["
          Path@4956..4966
            Ident@4956..4960 "adcs"
            Dot@4960..4961 "."
            Ident@4961..4966 "u_mag"
          Comma@4966..4967 ","
          Whitespace@4967..4968 " "
          Path@4968..4978
            Ident@4968..4972 "adcs"
            Dot@4972..4973 "."
            Ident@4973..4978 "u_imu"
          Comma@4978..4979 ","
          Whitespace@4979..4980 " "
          Path@4980..4990
            Ident@4980..4984 "adcs"
            Dot@4984..4985 "."
            Ident@4985..4990 "u_sun"
          Comma@4990..4991 ","
          Whitespace@4991..4992 " "
          NameRef@4992..4998
            Ident@4992..4998 "decide"
          RBracket@4998..4999 "]"
        Newline@4999..5000 "\n"
      Whitespace@5000..5008 "        "
      Field@5008..5031
        Ident@5008..5016 "allocate"
        Colon@5016..5017 ":"
        Whitespace@5017..5018 " "
        NameRef@5018..5030
          Ident@5018..5030 "cost_optimal"
        Newline@5030..5031 "\n"
      Newline@5031..5032 "\n"
      Whitespace@5032..5036 "    "
      Dedent@5036..5036 ""
    OpaqueIsland@5036..5105
      EventKw@5036..5041 "event"
      Whitespace@5041..5042 " "
      Ident@5042..5049 "anomaly"
      Colon@5049..5050 ":"
      Whitespace@5050..5051 " "
      Ident@5051..5056 "fault"
      LParen@5056..5057 "("
      Ident@5057..5065 "any_part"
      RParen@5065..5066 ")"
      Whitespace@5066..5074 "        "
      Comment@5074..5104 "# watchdog bite, brow ..."
      Newline@5104..5105 "\n"
    Newline@5105..5106 "\n"
    Whitespace@5106..5110 "    "
    RequireClaim@5110..5351
      RequireKw@5110..5117 "require"
      Whitespace@5117..5118 " "
      Ident@5118..5123 "Modes"
      Colon@5123..5124 ":"
      Newline@5124..5125 "\n"
      Whitespace@5125..5133 "        "
      Indent@5133..5133 ""
      Field@5133..5188
        Ident@5133..5143 "safe_floor"
        Colon@5143..5144 ":"
        Whitespace@5144..5146 "  "
        BinExpr@5146..5171
          CallExpr@5146..5161
            Path@5146..5156
              Ident@5146..5150 "elec"
              Dot@5150..5151 "."
              Ident@5151..5156 "power"
            ArgList@5156..5161
              LParen@5156..5157 "("
              NameRef@5157..5160
                Ident@5157..5160 "all"
              RParen@5160..5161 ")"
          Whitespace@5161..5162 " "
          LtEq@5162..5164 "<="
          Whitespace@5164..5165 " "
          QuantityLit@5165..5170
            Number@5165..5168 "400"
            Ident@5168..5170 "mW"
          Whitespace@5170..5171 " "
        DuringClause@5171..5187
          DuringKw@5171..5177 "during"
          Whitespace@5177..5178 " "
          BinExpr@5178..5187
            NameRef@5178..5180
              Ident@5178..5180 "op"
            Whitespace@5180..5181 " "
            Eq@5181..5182 "="
            Whitespace@5182..5183 " "
            NameRef@5183..5187
              Ident@5183..5187 "safe"
        Newline@5187..5188 "\n"
      Whitespace@5188..5196 "        "
      Field@5196..5298
        Ident@5196..5207 "detumble_in"
        Colon@5207..5208 ":"
        Whitespace@5208..5209 " "
        OpaqueIsland@5209..5236
          WithinKw@5209..5215 "within"
          Whitespace@5215..5216 " "
          Number@5216..5217 "3"
          Ident@5217..5218 "h"
          Whitespace@5218..5219 " "
          Ident@5219..5224 "after"
          Whitespace@5224..5225 " "
          Ident@5225..5235 "separation"
          Colon@5235..5236 ":"
        Newline@5236..5237 "\n"
        Whitespace@5237..5262 "                      ..."
        Indent@5262..5262 ""
        OpaqueIsland@5262..5290
          Ident@5262..5266 "mech"
          Dot@5266..5267 "."
          Ident@5267..5271 "rate"
          LParen@5271..5272 "("
          Ident@5272..5276 "body"
          RParen@5276..5277 ")"
          Whitespace@5277..5278 " "
          LtEq@5278..5280 "<="
          Whitespace@5280..5281 " "
          Number@5281..5284 "0.5"
          Ident@5284..5287 "deg"
          Slash@5287..5288 "/"
          Ident@5288..5289 "s"
          Newline@5289..5290 "\n"
        Whitespace@5290..5298 "        "
        Dedent@5298..5298 ""
      Field@5298..5346
        Ident@5298..5308 "fault_safe"
        Colon@5308..5309 ":"
        Whitespace@5309..5311 "  "
        OpaqueIsland@5311..5345
          WithinKw@5311..5317 "within"
          Whitespace@5317..5318 " "
          Number@5318..5319 "5"
          Ident@5319..5320 "s"
          Whitespace@5320..5321 " "
          Ident@5321..5326 "after"
          Whitespace@5326..5327 " "
          Ident@5327..5334 "anomaly"
          Colon@5334..5335 ":"
          Whitespace@5335..5336 " "
          Ident@5336..5338 "op"
          Whitespace@5338..5339 " "
          Eq@5339..5340 "="
          Whitespace@5340..5341 " "
          Ident@5341..5345 "safe"
        Newline@5345..5346 "\n"
      Newline@5346..5347 "\n"
      Whitespace@5347..5351 "    "
      Dedent@5351..5351 ""
    RequireClaim@5351..5610
      RequireKw@5351..5358 "require"
      Whitespace@5358..5359 " "
      Ident@5359..5366 "Thermal"
      Colon@5366..5367 ":"
      Newline@5367..5368 "\n"
      Whitespace@5368..5376 "        "
      Indent@5376..5376 ""
      Field@5376..5491
        Ident@5376..5387 "batt_window"
        Colon@5387..5388 ":"
        Whitespace@5388..5389 " "
        CallExpr@5389..5424
          Path@5389..5407
            Ident@5389..5395 "thermo"
            Dot@5395..5396 "."
            Ident@5396..5407 "temperature"
          ArgList@5407..5424
            LParen@5407..5408 "("
            Path@5408..5423
              Ident@5408..5411 "eps"
              Dot@5411..5412 "."
              Ident@5412..5417 "store"
              Dot@5417..5418 "."
              Ident@5418..5423 "cells"
            RParen@5423..5424 ")"
        Newline@5424..5425 "\n"
        Whitespace@5425..5450 "                      ..."
        Indent@5450..5450 ""
        OpaqueIsland@5450..5483
          WithinKw@5450..5456 "within"
          Whitespace@5456..5457 " "
          LBracket@5457..5458 "["
          Number@5458..5459 "0"
          Ident@5459..5463 "degC"
          Comma@5463..5464 ","
          Whitespace@5464..5465 " "
          Number@5465..5467 "45"
          Ident@5467..5471 "degC"
          RBracket@5471..5472 "]"
          Whitespace@5472..5473 " "
          Ident@5473..5479 "forall"
          Whitespace@5479..5480 " "
          Ident@5480..5482 "op"
          Newline@5482..5483 "\n"
        Whitespace@5483..5491 "        "
        Dedent@5491..5491 ""
      Field@5491..5610
        Ident@5491..5503 "fpga_ceiling"
        Colon@5503..5504 ":"
        Whitespace@5504..5505 " "
        CallExpr@5505..5548
          Path@5505..5523
            Ident@5505..5511 "thermo"
            Dot@5511..5512 "."
            Ident@5512..5523 "temperature"
          ArgList@5523..5548
            LParen@5523..5524 "("
            Path@5524..5547
              Ident@5524..5531 "payload"
              Dot@5531..5532 "."
              Ident@5532..5538 "u_fpga"
              Dot@5538..5539 "."
              Ident@5539..5547 "junction"
            RParen@5547..5548 ")"
        Newline@5548..5549 "\n"
        Whitespace@5549..5575 "                      ..."
        Indent@5575..5575 ""
        OpaqueIsland@5575..5605
          LtEq@5575..5577 "<="
          Whitespace@5577..5578 " "
          Number@5578..5580 "85"
          Ident@5580..5584 "degC"
          Whitespace@5584..5585 " "
          DuringKw@5585..5591 "during"
          Whitespace@5591..5592 " "
          Ident@5592..5594 "op"
          Whitespace@5594..5595 " "
          Eq@5595..5596 "="
          Whitespace@5596..5597 " "
          Ident@5597..5604 "imaging"
          Newline@5604..5605 "\n"
        Newline@5605..5606 "\n"
        Whitespace@5606..5610 "    "
        Dedent@5610..5610 ""
      Dedent@5610..5610 ""
    RequireClaim@5610..6173
      RequireKw@5610..5617 "require"
      Whitespace@5617..5618 " "
      Ident@5618..5622 "Link"
      Colon@5622..5623 ":"
      Newline@5623..5624 "\n"
      Whitespace@5624..5632 "        "
      Comment@5632..5694 "# The dB link budget, ..."
      Newline@5694..5695 "\n"
      Whitespace@5695..5703 "        "
      Comment@5703..5762 "# 02 sec. 5a): dBm +  ..."
      Newline@5762..5763 "\n"
      Whitespace@5763..5771 "        "
      Comment@5771..5831 "# referenced term (dB ..."
      Newline@5831..5832 "\n"
      Whitespace@5832..5840 "        "
      Comment@5840..5902 "# chain models are fu ..."
      Newline@5902..5903 "\n"
      Whitespace@5903..5911 "        "
      Comment@5911..5973 "# is honestly indeter ..."
      Newline@5973..5974 "\n"
      Whitespace@5974..5982 "        "
      Indent@5982..5982 ""
      Field@5982..6173
        Ident@5982..5988 "margin"
        Colon@5988..5989 ":"
        Whitespace@5989..5990 " "
        BinExpr@5990..6017
          Path@5990..6002
            Ident@5990..5995 "comms"
            Dot@5995..5996 "."
            Ident@5996..6002 "pa_out"
          Whitespace@6002..6003 " "
          Plus@6003..6004 "+"
          Whitespace@6004..6005 " "
          Path@6005..6017
            Ident@6005..6012 "antenna"
            Dot@6012..6013 "."
            Ident@6013..6017 "gain"
        Newline@6017..6018 "\n"
        Whitespace@6018..6038 "                    "
        Indent@6038..6038 ""
        OpaqueIsland@6038..6076
          Minus@6038..6039 "-"
          Whitespace@6039..6040 " "
          Ident@6040..6049 "path_loss"
          LParen@6049..6050 "("
          Ident@6050..6058 "boundary"
          Dot@6058..6059 "."
          Ident@6059..6064 "orbit"
          Dot@6064..6065 "."
          Ident@6065..6074 "slant_max"
          RParen@6074..6075 ")"
          Newline@6075..6076 "\n"
        Whitespace@6076..6096 "                    "
        OpaqueIsland@6096..6127
          GtEq@6096..6098 ">="
          Whitespace@6098..6099 " "
          Ident@6099..6108 "gs_uhf437"
          Dot@6108..6109 "."
          Ident@6109..6120 "sensitivity"
          Whitespace@6120..6121 " "
          Plus@6121..6122 "+"
          Whitespace@6122..6123 " "
          Number@6123..6124 "6"
          Ident@6124..6126 "dB"
          Newline@6126..6127 "\n"
        Whitespace@6127..6147 "                    "
        OpaqueIsland@6147..6168
          DuringKw@6147..6153 "during"
          Whitespace@6153..6154 " "
          Ident@6154..6156 "op"
          Whitespace@6156..6157 " "
          Eq@6157..6158 "="
          Whitespace@6158..6159 " "
          Ident@6159..6167 "downlink"
          Newline@6167..6168 "\n"
        Newline@6168..6169 "\n"
        Whitespace@6169..6173 "    "
        Dedent@6173..6173 ""
      Dedent@6173..6173 ""
    PolicyBlock@6173..6464
      PolicyKw@6173..6179 "policy"
      Colon@6179..6180 ":"
      Newline@6180..6181 "\n"
      Whitespace@6181..6189 "        "
      Indent@6189..6189 ""
      PolicyRule@6189..6228
        PreferKw@6189..6195 "prefer"
        Whitespace@6195..6196 " "
        Ident@6196..6202 "vendor"
        LParen@6202..6203 "("
        Ident@6203..6206 "jlc"
        RParen@6206..6207 ")"
        Whitespace@6207..6208 " "
        Ident@6208..6212 "over"
        Whitespace@6212..6213 " "
        Ident@6213..6219 "vendor"
        LParen@6219..6220 "("
        Ident@6220..6226 "pcbway"
        RParen@6226..6227 ")"
        Newline@6227..6228 "\n"
      Whitespace@6228..6236 "        "
      PolicyRule@6236..6300
        ForbidKw@6236..6242 "forbid"
        Whitespace@6242..6243 " "
        Ident@6243..6253 "dielectric"
        LParen@6253..6254 "("
        Ident@6254..6257 "y5v"
        RParen@6257..6258 ")"
        Whitespace@6258..6273 "               "
        Comment@6273..6299 "# vacuum + thermal cy ..."
        Newline@6299..6300 "\n"
      Whitespace@6300..6308 "        "
      PolicyRule@6308..6328
        MinimizeKw@6308..6316 "minimize"
        Whitespace@6316..6317 " "
        Ident@6317..6327 "total_cost"
        Newline@6327..6328 "\n"
      Newline@6328..6329 "\n"
      Comment@6329..6399 "# ---- The computer l ..."
      Newline@6399..6400 "\n"
      Comment@6400..6462 "#      the intents th ..."
      Newline@6462..6463 "\n"
      Newline@6463..6464 "\n"
      Dedent@6464..6464 ""
    Dedent@6464..6464 ""
  Decl@6464..6933
    ComputerKw@6464..6472 "computer"
    Whitespace@6472..6473 " "
    Ident@6473..6483 "FlightCore"
    Colon@6483..6484 ":"
    Newline@6484..6485 "\n"
    Whitespace@6485..6489 "    "
    Indent@6489..6489 ""
    WorkloadsBlock@6489..6867
      Ident@6489..6498 "workloads"
      Colon@6498..6499 ":"
      Newline@6499..6500 "\n"
      Whitespace@6500..6508 "        "
      Indent@6508..6508 ""
      WorkloadStmt@6508..6579
        Ident@6508..6511 "att"
        Colon@6511..6512 ":"
        Whitespace@6512..6515 "   "
        Ident@6515..6519 "loop"
        WorkloadParams@6519..6562
          LParen@6519..6520 "("
          Ident@6520..6524 "rate"
          Eq@6524..6525 "="
          Number@6525..6526 "4"
          Ident@6526..6528 "Hz"
          Comma@6528..6529 ","
          Whitespace@6529..6530 " "
          Ident@6530..6534 "work"
          Eq@6534..6535 "="
          Number@6535..6537 "40"
          Ident@6537..6541 "kops"
          Whitespace@6541..6542 " "
          Ident@6542..6545 "f32"
          Comma@6545..6546 ","
          Whitespace@6546..6547 " "
          Ident@6547..6553 "jitter"
          Whitespace@6553..6554 " "
          LtEq@6554..6556 "<="
          Whitespace@6556..6557 " "
          Number@6557..6559 "10"
          Ident@6559..6561 "ms"
          RParen@6561..6562 ")"
        Whitespace@6562..6563 " "
        RealizesStmt@6563..6579
          Ident@6563..6571 "realizes"
          Whitespace@6571..6572 " "
          Ident@6572..6578 "decide"
          Newline@6578..6579 "\n"
      Whitespace@6579..6587 "        "
      WorkloadStmt@6587..6646
        Ident@6587..6592 "tiles"
        Colon@6592..6593 ":"
        Whitespace@6593..6594 " "
        Ident@6594..6600 "stream"
        WorkloadParams@6600..6629
          LParen@6600..6601 "("
          Number@6601..6603 "30"
          Ident@6603..6605 "MB"
          Slash@6605..6606 "/"
          Ident@6606..6607 "s"
          Whitespace@6607..6608 " "
          InKw@6608..6610 "in"
          Comma@6610..6611 ","
          Whitespace@6611..6612 " "
          Ident@6612..6619 "latency"
          Whitespace@6619..6620 " "
          LtEq@6620..6622 "<="
          Whitespace@6622..6623 " "
          Number@6623..6626 "500"
          Ident@6626..6628 "ms"
          RParen@6628..6629 ")"
        Whitespace@6629..6630 " "
        RealizesStmt@6630..6646
          Ident@6630..6638 "realizes"
          Whitespace@6638..6639 " "
          Ident@6639..6645 "crunch"
          Newline@6645..6646 "\n"
      Whitespace@6646..6654 "        "
      WorkloadStmt@6654..6717
        Ident@6654..6659 "keepw"
        Colon@6659..6660 ":"
        Whitespace@6660..6661 " "
        Ident@6661..6667 "stream"
        WorkloadParams@6667..6702
          LParen@6667..6668 "("
          Ident@6668..6673 "store"
          Comma@6673..6674 ","
          Whitespace@6674..6675 " "
          Number@6675..6676 "4"
          Ident@6676..6678 "MB"
          Slash@6678..6679 "/"
          Ident@6679..6680 "s"
          Comma@6680..6681 ","
          Whitespace@6681..6682 " "
          Ident@6682..6691 "retention"
          Whitespace@6691..6692 " "
          GtEq@6692..6694 ">="
          Whitespace@6694..6695 " "
          Number@6695..6696 "7"
          Whitespace@6696..6697 " "
          Ident@6697..6701 "days"
          RParen@6701..6702 ")"
        Whitespace@6702..6703 " "
        RealizesStmt@6703..6717
          Ident@6703..6711 "realizes"
          Whitespace@6711..6712 " "
          Ident@6712..6716 "keep"
          Newline@6716..6717 "\n"
      Whitespace@6717..6725 "        "
      WorkloadStmt@6725..6786
        Ident@6725..6729 "comm"
        Colon@6729..6730 ":"
        Whitespace@6730..6732 "  "
        Ident@6732..6738 "stream"
        WorkloadParams@6738..6767
          LParen@6738..6739 "("
          Ident@6739..6742 "out"
          Comma@6742..6743 ","
          Whitespace@6743..6744 " "
          Number@6744..6748 "9600"
          Ident@6748..6751 "bps"
          Comma@6751..6752 ","
          Whitespace@6752..6753 " "
          Ident@6753..6760 "latency"
          Whitespace@6760..6761 " "
          LtEq@6761..6763 "<="
          Whitespace@6763..6764 " "
          Number@6764..6765 "2"
          Ident@6765..6766 "s"
          RParen@6766..6767 ")"
        Whitespace@6767..6768 " "
        RealizesStmt@6768..6786
          Ident@6768..6776 "realizes"
          Whitespace@6776..6777 " "
          Ident@6777..6785 "downlink"
          Newline@6785..6786 "\n"
      Whitespace@6786..6794 "        "
      WorkloadStmt@6794..6863
        Ident@6794..6796 "hk"
        Colon@6796..6797 ":"
        Whitespace@6797..6801 "    "
        Ident@6801..6805 "loop"
        WorkloadParams@6805..6831
          LParen@6805..6806 "("
          Ident@6806..6810 "rate"
          Eq@6810..6811 "="
          Number@6811..6812 "1"
          Ident@6812..6814 "Hz"
          Comma@6814..6815 ","
          Whitespace@6815..6816 " "
          Ident@6816..6820 "work"
          Eq@6820..6821 "="
          Number@6821..6822 "5"
          Ident@6822..6826 "kops"
          Whitespace@6826..6827 " "
          Ident@6827..6830 "i32"
          RParen@6830..6831 ")"
        Whitespace@6831..6837 "      "
        Comment@6837..6862 "# housekeeping, no in ..."
        Newline@6862..6863 "\n"
      Whitespace@6863..6867 "    "
      Dedent@6867..6867 ""
    RequireClaim@6867..6933
      RequireKw@6867..6874 "require"
      Whitespace@6874..6875 " "
      Ident@6875..6883 "Capacity"
      Colon@6883..6884 ":"
      Newline@6884..6885 "\n"
      Whitespace@6885..6893 "        "
      Indent@6893..6893 ""
      Field@6893..6932
        Ident@6893..6901 "headroom"
        Colon@6901..6902 ":"
        Whitespace@6902..6903 " "
        BinExpr@6903..6930
          CallExpr@6903..6924
            Path@6903..6919
              Ident@6903..6907 "info"
              Dot@6907..6908 "."
              Ident@6908..6919 "utilization"
            ArgList@6919..6924
              LParen@6919..6920 "("
              NameRef@6920..6923
                Ident@6920..6923 "all"
              RParen@6923..6924 ")"
          Whitespace@6924..6925 " "
          LtEq@6925..6927 "<="
          Whitespace@6927..6928 " "
          Number@6928..6930 "55"
        OpaqueIsland@6930..6931
          Percent@6930..6931 "%"
        Newline@6931..6932 "\n"
      Newline@6932..6933 "\n"
      Dedent@6933..6933 ""
    Dedent@6933..6933 ""
  Decl@6933..7487
    Ident@6933..6945 "architecture"
    Whitespace@6945..6946 " "
    Ident@6946..6949 "for"
    Whitespace@6949..6950 " "
    Ident@6950..6960 "FlightCore"
    Colon@6960..6961 ":"
    Newline@6961..6962 "\n"
    Whitespace@6962..6966 "    "
    Indent@6966..6966 ""
    Field@6966..7166
      Ident@6966..6975 "resources"
      Colon@6975..6976 ":"
      Newline@6976..6977 "\n"
      Whitespace@6977..6985 "        "
      Indent@6985..6985 ""
      Field@6985..7036
        Ident@6985..6989 "cpu0"
        Colon@6989..6990 ":"
        Whitespace@6990..6992 "  "
        CallExpr@6992..7035
          NameRef@6992..7000
            Ident@6992..7000 "executor"
          ArgList@7000..7035
            LParen@7000..7001 "("
            KeywordArg@7001..7034
              NameRef@7001..7009
                Ident@7001..7009 "promises"
              Colon@7009..7010 ":"
              Whitespace@7010..7011 " "
              UnaryExpr@7011..7021
                GtEq@7011..7013 ">="
                Whitespace@7013..7014 " "
                QuantityLit@7014..7020
                  Number@7014..7016 "20"
                  Ident@7016..7020 "Mops"
                Whitespace@7020..7021 " "
              OpaqueIsland@7021..7034
                Ident@7021..7024 "f32"
                Whitespace@7024..7025 " "
                Ident@7025..7034 "sustained"
            RParen@7034..7035 ")"
        Newline@7035..7036 "\n"
      Whitespace@7036..7044 "        "
      Field@7044..7099
        Ident@7044..7049 "fpga0"
        Colon@7049..7050 ":"
        Whitespace@7050..7051 " "
        CallExpr@7051..7098
          NameRef@7051..7059
            Ident@7051..7059 "executor"
          ArgList@7059..7098
            LParen@7059..7060 "("
            KeywordArg@7060..7084
              NameRef@7060..7068
                Ident@7060..7068 "promises"
              Colon@7068..7069 ":"
              Whitespace@7069..7070 " "
              UnaryExpr@7070..7079
                GtEq@7070..7072 ">="
                Whitespace@7072..7073 " "
                QuantityLit@7073..7078
                  Number@7073..7074 "1"
                  Ident@7074..7078 "Gops"
                Whitespace@7078..7079 " "
              OpaqueIsland@7079..7084
                Ident@7079..7084 "fixed"
            Comma@7084..7085 ","
            Whitespace@7085..7086 " "
            BinExpr@7086..7097
              NameRef@7086..7090
                Ident@7086..7090 "kind"
              Eq@7090..7091 "="
              NameRef@7091..7097
                Ident@7091..7097 "fabric"
            RParen@7097..7098 ")"
        Newline@7098..7099 "\n"
      Whitespace@7099..7107 "        "
      Field@7107..7162
        Ident@7107..7110 "dma"
        Colon@7110..7111 ":"
        Whitespace@7111..7114 "   "
        CallExpr@7114..7153
          NameRef@7114..7119
            Ident@7114..7119 "mover"
          ArgList@7119..7153
            LParen@7119..7120 "("
            KeywordArg@7120..7139
              NameRef@7120..7128
                Ident@7120..7128 "promises"
              Colon@7128..7129 ":"
              Whitespace@7129..7130 " "
              BinExpr@7130..7139
                UnaryExpr@7130..7137
                  GtEq@7130..7132 ">="
                  Whitespace@7132..7133 " "
                  QuantityLit@7133..7137
                    Number@7133..7135 "40"
                    Ident@7135..7137 "MB"
                Slash@7137..7138 "/"
                NameRef@7138..7139
                  Ident@7138..7139 "s"
            Comma@7139..7140 ","
            Whitespace@7140..7141 " "
            NameRef@7141..7152
              Ident@7141..7152 "independent"
            Whitespace@7152..7153 " "
        OpaqueIsland@7153..7161
          Ident@7153..7155 "of"
          Whitespace@7155..7156 " "
          Ident@7156..7160 "cpu0"
          RParen@7160..7161 ")"
        Newline@7161..7162 "\n"
      Whitespace@7162..7166 "    "
      Dedent@7166..7166 ""
    Field@7166..7343
      Ident@7166..7174 "memories"
      Colon@7174..7175 ":"
      Newline@7175..7176 "\n"
      Whitespace@7176..7184 "        "
      Indent@7184..7184 ""
      Field@7184..7236
        Ident@7184..7188 "sram"
        Colon@7188..7189 ":"
        Whitespace@7189..7191 "  "
        CallExpr@7191..7235
          NameRef@7191..7197
            Ident@7191..7197 "memory"
          ArgList@7197..7235
            LParen@7197..7198 "("
            QuantityLit@7198..7203
              Number@7198..7201 "320"
              Ident@7201..7203 "kB"
            Comma@7203..7204 ","
            Whitespace@7204..7205 " "
            KeywordArg@7205..7234
              NameRef@7205..7213
                Ident@7205..7213 "promises"
              Colon@7213..7214 ":"
              Whitespace@7214..7215 " "
              BinExpr@7215..7228
                NameRef@7215..7222
                  Ident@7215..7222 "latency"
                Whitespace@7222..7223 " "
                LtEq@7223..7225 "<="
                Whitespace@7225..7226 " "
                Number@7226..7227 "2"
                Whitespace@7227..7228 " "
              OpaqueIsland@7228..7234
                Ident@7228..7234 "cycles"
            RParen@7234..7235 ")"
        Newline@7235..7236 "\n"
      Whitespace@7236..7244 "        "
      Field@7244..7275
        Ident@7244..7249 "flash"
        Colon@7249..7250 ":"
        Whitespace@7250..7251 " "
        CallExpr@7251..7274
          NameRef@7251..7257
            Ident@7251..7257 "memory"
          ArgList@7257..7274
            LParen@7257..7258 "("
            QuantityLit@7258..7261
              Number@7258..7259 "1"
              Ident@7259..7261 "MB"
            Comma@7261..7262 ","
            Whitespace@7262..7263 " "
            NameRef@7263..7273
              Ident@7263..7273 "persistent"
            RParen@7273..7274 ")"
        Newline@7274..7275 "\n"
      Whitespace@7275..7283 "        "
      Field@7283..7339
        Ident@7283..7287 "bulk"
        Colon@7287..7288 ":"
        Whitespace@7288..7290 "  "
        CallExpr@7290..7331
          NameRef@7290..7296
            Ident@7290..7296 "memory"
          ArgList@7296..7331
            LParen@7296..7297 "("
            QuantityLit@7297..7300
              Number@7297..7298 "8"
              Ident@7298..7300 "GB"
            Comma@7300..7301 ","
            Whitespace@7301..7302 " "
            NameRef@7302..7312
              Ident@7302..7312 "persistent"
            Comma@7312..7313 ","
            Whitespace@7313..7314 " "
            BinExpr@7314..7331
              NameRef@7314..7323
                Ident@7314..7323 "endurance"
              Whitespace@7323..7324 " "
              GtEq@7324..7326 ">="
              Whitespace@7326..7327 " "
              Number@7327..7330 "1e4"
              Whitespace@7330..7331 " "
        OpaqueIsland@7331..7338
          Ident@7331..7337 "cycles"
          RParen@7337..7338 ")"
        Newline@7338..7339 "\n"
      Whitespace@7339..7343 "    "
      Dedent@7343..7343 ""
    Field@7343..7487
      Ident@7343..7351 "schedule"
      Colon@7351..7352 ":"
      Newline@7352..7353 "\n"
      Whitespace@7353..7361 "        "
      Indent@7361..7361 ""
      OpaqueIsland@7361..7400
        Ident@7361..7364 "att"
        Whitespace@7364..7366 "  "
        Minus@7366..7367 "-"
        Gt@7367..7368 ">"
        Whitespace@7368..7369 " "
        Ident@7369..7373 "cpu0"
        Colon@7373..7374 ":"
        Whitespace@7374..7375 " "
        Ident@7375..7390 "static_priority"
        LParen@7390..7391 "("
        Ident@7391..7398 "highest"
        RParen@7398..7399 ")"
        Newline@7399..7400 "\n"
      Whitespace@7400..7408 "        "
      OpaqueIsland@7408..7421
        Ident@7408..7410 "hk"
        Whitespace@7410..7413 "   "
        Minus@7413..7414 "-"
        Gt@7414..7415 ">"
        Whitespace@7415..7416 " "
        Ident@7416..7420 "cpu0"
        Newline@7420..7421 "\n"
      Whitespace@7421..7429 "        "
      OpaqueIsland@7429..7442
        Ident@7429..7433 "comm"
        Whitespace@7433..7434 " "
        Minus@7434..7435 "-"
        Gt@7435..7436 ">"
        Whitespace@7436..7437 " "
        Ident@7437..7441 "cpu0"
        Newline@7441..7442 "\n"
      Whitespace@7442..7450 "        "
      OpaqueIsland@7450..7465
        Ident@7450..7455 "tiles"
        Whitespace@7455..7456 " "
        Minus@7456..7457 "-"
        Gt@7457..7458 ">"
        Whitespace@7458..7459 " "
        Ident@7459..7464 "fpga0"
        Newline@7464..7465 "\n"
      Whitespace@7465..7473 "        "
      OpaqueIsland@7473..7486
        Ident@7473..7478 "keepw"
        Whitespace@7478..7479 " "
        Minus@7479..7480 "-"
        Gt@7480..7481 ">"
        Whitespace@7481..7482 " "
        Ident@7482..7485 "dma"
        Newline@7485..7486 "\n"
      Newline@7486..7487 "\n"
      Dedent@7487..7487 ""
    Dedent@7487..7487 ""
  Decl@7487..7749
    Ident@7487..7491 "bind"
    Whitespace@7491..7492 " "
    Ident@7492..7502 "FlightCore"
    Colon@7502..7503 ":"
    Newline@7503..7504 "\n"
    Whitespace@7504..7508 "    "
    Indent@7508..7508 ""
    CtorStmt@7508..7578
      Ident@7508..7512 "cpu0"
      Whitespace@7512..7514 "  "
      Eq@7514..7515 "="
      Whitespace@7515..7516 " "
      Path@7516..7525
        Ident@7516..7519 "obc"
        Dot@7519..7520 "."
        Ident@7520..7525 "u_mcu"
      Whitespace@7525..7546 "                     "
      OpaqueIsland@7546..7577
        Comment@7546..7577 "# cross-file instance ..."
      Newline@7577..7578 "\n"
    Whitespace@7578..7582 "    "
    CtorStmt@7582..7632
      Ident@7582..7587 "fpga0"
      Whitespace@7587..7588 " "
      Eq@7588..7589 "="
      Whitespace@7589..7590 " "
      CallExpr@7590..7606
        NameRef@7590..7604
          Ident@7590..7604 "TileCompressor"
        ArgList@7604..7606
          LParen@7604..7605 "("
          RParen@7605..7606 ")"
      Whitespace@7606..7607 " "
      OpaqueIsland@7607..7631
        HostedOnKw@7607..7616 "hosted_on"
        Whitespace@7616..7617 " "
        Ident@7617..7624 "payload"
        Dot@7624..7625 "."
        Ident@7625..7631 "u_fpga"
      Newline@7631..7632 "\n"
    Whitespace@7632..7636 "    "
    CtorStmt@7636..7672
      Ident@7636..7639 "dma"
      Whitespace@7639..7642 "   "
      Eq@7642..7643 "="
      Whitespace@7643..7644 " "
      Path@7644..7671
        Ident@7644..7647 "obc"
        Dot@7647..7648 "."
        Ident@7648..7653 "u_mcu"
        Dot@7653..7654 "."
        Ident@7654..7657 "dma"
        Dot@7657..7658 "."
        Ident@7658..7667 "instances"
        Dot@7667..7668 "."
        Ident@7668..7671 "any"
      Newline@7671..7672 "\n"
    Whitespace@7672..7676 "    "
    CtorStmt@7676..7699
      Ident@7676..7680 "sram"
      Whitespace@7680..7682 "  "
      Eq@7682..7683 "="
      Whitespace@7683..7684 " "
      Path@7684..7698
        Ident@7684..7687 "obc"
        Dot@7687..7688 "."
        Ident@7688..7693 "u_mcu"
        Dot@7693..7694 "."
        Ident@7694..7698 "sram"
      Newline@7698..7699 "\n"
    Whitespace@7699..7703 "    "
    CtorStmt@7703..7727
      Ident@7703..7708 "flash"
      Whitespace@7708..7709 " "
      Eq@7709..7710 "="
      Whitespace@7710..7711 " "
      Path@7711..7726
        Ident@7711..7714 "obc"
        Dot@7714..7715 "."
        Ident@7715..7720 "u_mcu"
        Dot@7720..7721 "."
        Ident@7721..7726 "flash"
      Newline@7726..7727 "\n"
    Whitespace@7727..7731 "    "
    CtorStmt@7731..7748
      Ident@7731..7735 "bulk"
      Whitespace@7735..7737 "  "
      Eq@7737..7738 "="
      Whitespace@7738..7739 " "
      Path@7739..7747
        Ident@7739..7742 "obc"
        Dot@7742..7743 "."
        Ident@7743..7747 "u_sd"
      Newline@7747..7748 "\n"
    Newline@7748..7749 "\n"
    Dedent@7749..7749 ""
  Decl@7749..8519
    ImageKw@7749..7754 "image"
    Whitespace@7754..7755 " "
    Ident@7755..7764 "flight_fw"
    Colon@7764..7765 ":"
    Newline@7765..7766 "\n"
    Whitespace@7766..7770 "    "
    Indent@7770..7770 ""
    Field@7770..7801
      Ident@7770..7778 "realizes"
      Colon@7778..7779 ":"
      Whitespace@7779..7780 " "
      CallExpr@7780..7800
        NameRef@7780..7788
          Ident@7780..7788 "schedule"
        ArgList@7788..7800
          LParen@7788..7789 "("
          NameRef@7789..7799
            Ident@7789..7799 "FlightCore"
          RParen@7799..7800 ")"
      Newline@7800..7801 "\n"
    Whitespace@7801..7805 "    "
    Field@7805..7835
      Ident@7805..7814 "toolchain"
      Colon@7814..7815 ":"
      Whitespace@7815..7816 " "
      CallExpr@7816..7834
        NameRef@7816..7823
          Ident@7816..7823 "gcc_arm"
        ArgList@7823..7834
          LParen@7823..7824 "("
          Number@7824..7828 "13.2"
          Comma@7828..7829 ","
          Whitespace@7829..7830 " "
          UnaryExpr@7830..7833
            Minus@7830..7831 "-"
            NameRef@7831..7833
              Ident@7831..7833 "O2"
          RParen@7833..7834 ")"
      Newline@7834..7835 "\n"
    Whitespace@7835..7839 "    "
    Field@7839..8014
      Ident@7839..7849 "partitions"
      Colon@7849..7850 ":"
      Newline@7850..7851 "\n"
      Whitespace@7851..7859 "        "
      Indent@7859..7859 ""
      Field@7859..7882
        Ident@7859..7863 "boot"
        Colon@7863..7864 ":"
        Whitespace@7864..7865 " "
        NameRef@7865..7870
          Ident@7865..7870 "flash"
        OpaqueIsland@7870..7881
          LBracket@7870..7871 "["
          Number@7871..7872 "0"
          Whitespace@7872..7873 " "
          DotDot@7873..7875 ".."
          Whitespace@7875..7876 " "
          Number@7876..7878 "32"
          Ident@7878..7880 "kB"
          RBracket@7880..7881 "]"
        Newline@7881..7882 "\n"
      Whitespace@7882..7890 "        "
      Field@7890..7950
        Ident@7890..7894 "appA"
        Colon@7894..7895 ":"
        Whitespace@7895..7896 " "
        NameRef@7896..7901
          Ident@7896..7901 "flash"
        OpaqueIsland@7901..7949
          LBracket@7901..7902 "["
          Number@7902..7904 "32"
          Ident@7904..7906 "kB"
          Whitespace@7906..7907 " "
          DotDot@7907..7909 ".."
          Whitespace@7909..7910 " "
          Number@7910..7913 "512"
          Ident@7913..7915 "kB"
          RBracket@7915..7916 "]"
          Whitespace@7916..7924 "        "
          Comment@7924..7949 "# A/B images: brick-p ..."
        Newline@7949..7950 "\n"
      Whitespace@7950..7958 "        "
      Field@7958..7986
        Ident@7958..7962 "appB"
        Colon@7962..7963 ":"
        Whitespace@7963..7964 " "
        NameRef@7964..7969
          Ident@7964..7969 "flash"
        OpaqueIsland@7969..7985
          LBracket@7969..7970 "["
          Number@7970..7973 "512"
          Ident@7973..7975 "kB"
          Whitespace@7975..7976 " "
          DotDot@7976..7978 ".."
          Whitespace@7978..7979 " "
          Number@7979..7982 "992"
          Ident@7982..7984 "kB"
          RBracket@7984..7985 "]"
        Newline@7985..7986 "\n"
      Whitespace@7986..7994 "        "
      Field@7994..8010
        Ident@7994..7997 "cfg"
        Colon@7997..7998 ":"
        Whitespace@7998..8000 "  "
        NameRef@8000..8009
          Ident@8000..8009 "remainder"
        Newline@8009..8010 "\n"
      Whitespace@8010..8014 "    "
      Dedent@8014..8014 ""
    RequireClaim@8014..8379
      RequireKw@8014..8021 "require"
      Whitespace@8021..8022 " "
      Ident@8022..8031 "Resources"
      Colon@8031..8032 ":"
      Newline@8032..8033 "\n"
      Whitespace@8033..8041 "        "
      Comment@8041..8101 "# appA: flash[32kB .. ..."
      Newline@8101..8102 "\n"
      Whitespace@8102..8110 "        "
      Comment@8110..8169 "# place of the entity ..."
      Newline@8169..8170 "\n"
      Whitespace@8170..8178 "        "
      Comment@8178..8242 "# arithmetic ref-reso ..."
      Newline@8242..8243 "\n"
      Whitespace@8243..8251 "        "
      Indent@8251..8251 ""
      Field@8251..8283
        Ident@8251..8254 "fit"
        Colon@8254..8255 ":"
        Whitespace@8255..8258 "   "
        BinExpr@8258..8282
          CallExpr@8258..8273
            NameRef@8258..8262
              Ident@8258..8262 "size"
            ArgList@8262..8273
              LParen@8262..8263 "("
              BinExpr@8263..8272
                NameRef@8263..8267
                  Ident@8263..8267 "text"
                Whitespace@8267..8268 " "
                Plus@8268..8269 "+"
                Whitespace@8269..8270 " "
                NameRef@8270..8272
                  Ident@8270..8272 "ro"
              RParen@8272..8273 ")"
          Whitespace@8273..8274 " "
          LtEq@8274..8276 "<="
          Whitespace@8276..8277 " "
          QuantityLit@8277..8282
            Number@8277..8280 "480"
            Ident@8280..8282 "kB"
        Newline@8282..8283 "\n"
      Whitespace@8283..8291 "        "
      Field@8291..8327
        Ident@8291..8296 "stack"
        Colon@8296..8297 ":"
        Whitespace@8297..8298 " "
        BinExpr@8298..8326
          CallExpr@8298..8319
            Path@8298..8314
              Ident@8298..8302 "info"
              Dot@8302..8303 "."
              Ident@8303..8314 "stack_depth"
            ArgList@8314..8319
              LParen@8314..8315 "("
              NameRef@8315..8318
                Ident@8315..8318 "att"
              RParen@8318..8319 ")"
          Whitespace@8319..8320 " "
          LtEq@8320..8322 "<="
          Whitespace@8322..8323 " "
          QuantityLit@8323..8326
            Number@8323..8324 "6"
            Ident@8324..8326 "kB"
        Newline@8326..8327 "\n"
      Whitespace@8327..8335 "        "
      Field@8335..8375
        Ident@8335..8339 "wcet"
        Colon@8339..8340 ":"
        Whitespace@8340..8342 "  "
        CallExpr@8342..8357
          Path@8342..8351
            Ident@8342..8346 "info"
            Dot@8346..8347 "."
            Ident@8347..8351 "wcet"
          ArgList@8351..8357
            LParen@8351..8352 "("
            NameRef@8352..8355
              Ident@8352..8355 "att"
            Comma@8355..8356 ","
            Whitespace@8356..8357 " "
        OpaqueIsland@8357..8374
          OnKw@8357..8359 "on"
          Eq@8359..8360 "="
          Ident@8360..8364 "cpu0"
          RParen@8364..8365 ")"
          Whitespace@8365..8366 " "
          LtEq@8366..8368 "<="
          Whitespace@8368..8369 " "
          Number@8369..8372 "120"
          Ident@8372..8374 "ms"
        Newline@8374..8375 "\n"
      Whitespace@8375..8379 "    "
      Dedent@8379..8379 ""
    RequireClaim@8379..8519
      RequireKw@8379..8386 "require"
      Whitespace@8386..8387 " "
      Ident@8387..8391 "Boot"
      Colon@8391..8392 ":"
      Newline@8392..8393 "\n"
      Whitespace@8393..8401 "        "
      Indent@8401..8401 ""
      Field@8401..8448
        Ident@8401..8406 "alive"
        Colon@8406..8407 ":"
        Whitespace@8407..8408 " "
        OpaqueIsland@8408..8447
          WithinKw@8408..8414 "within"
          Whitespace@8414..8415 " "
          Number@8415..8417 "30"
          Ident@8417..8418 "s"
          Whitespace@8418..8419 " "
          Ident@8419..8424 "after"
          Whitespace@8424..8425 " "
          Ident@8425..8431 "supply"
          Dot@8431..8432 "."
          OnKw@8432..8434 "on"
          Colon@8434..8435 ":"
          Whitespace@8435..8436 " "
          Ident@8436..8440 "comm"
          Dot@8440..8441 "."
          Ident@8441..8447 "beacon"
        Newline@8447..8448 "\n"
      Newline@8448..8449 "\n"
      Comment@8449..8517 "# ---- Ground-support ..."
      Newline@8517..8518 "\n"
      Newline@8518..8519 "\n"
      Dedent@8519..8519 ""
    Dedent@8519..8519 ""
  Decl@8519..8721
    TargetKw@8519..8525 "target"
    Whitespace@8525..8526 " "
    Ident@8526..8533 "flatsat"
    Whitespace@8533..8534 " "
    Ident@8534..8536 "of"
    Whitespace@8536..8537 " "
    Ident@8537..8544 "Kestrel"
    Colon@8544..8545 ":"
    Newline@8545..8546 "\n"
    Whitespace@8546..8550 "    "
    Indent@8550..8550 ""
    Field@8550..8705
      Ident@8550..8557 "intents"
      Colon@8557..8558 ":"
      Newline@8558..8559 "\n"
      Whitespace@8559..8567 "        "
      Indent@8567..8567 ""
      Field@8567..8620
        Ident@8567..8574 "console"
        Colon@8574..8575 ":"
        Whitespace@8575..8578 "   "
        CallExpr@8578..8619
          NameRef@8578..8590
            Ident@8578..8590 "debug_access"
          ArgList@8590..8619
            LParen@8590..8591 "("
            Path@8591..8608
              Ident@8591..8594 "eps"
              Dot@8594..8595 "."
              Ident@8595..8604 "Umbilical"
              Dot@8604..8605 "."
              Ident@8605..8608 "dbg"
            Comma@8608..8609 ","
            Whitespace@8609..8610 " "
            NameRef@8610..8618
              Ident@8610..8618 "uart_log"
            RParen@8618..8619 ")"
        Newline@8619..8620 "\n"
      Whitespace@8620..8628 "        "
      Field@8628..8663
        Ident@8628..8637 "heartbeat"
        Colon@8637..8638 ":"
        Whitespace@8638..8639 " "
        CallExpr@8639..8662
          NameRef@8639..8647
            Ident@8639..8647 "indicate"
          ArgList@8647..8662
            LParen@8647..8648 "("
            Path@8648..8661
              Ident@8648..8654 "decide"
              Dot@8654..8655 "."
              Ident@8655..8661 "status"
            RParen@8661..8662 ")"
        Newline@8662..8663 "\n"
      Whitespace@8663..8671 "        "
      Field@8671..8701
        Ident@8671..8676 "rails"
        Colon@8676..8677 ":"
        Whitespace@8677..8682 "     "
        CallExpr@8682..8700
          NameRef@8682..8687
            Ident@8682..8687 "probe"
          ArgList@8687..8700
            LParen@8687..8688 "("
            NameRef@8688..8699
              Ident@8688..8699 "power_rails"
            RParen@8699..8700 ")"
        Newline@8700..8701 "\n"
      Whitespace@8701..8705 "    "
      Dedent@8705..8705 ""
    Field@8705..8721
      Ident@8705..8710 "draws"
      Colon@8710..8711 ":"
      Whitespace@8711..8712 " "
      NameRef@8712..8720
        Ident@8712..8720 "reserves"
      Newline@8720..8721 "\n"
    Dedent@8721..8721 ""
