source.calcite comment.line.number-sign.lithos "# Timber pole barn -- exercises: calcite/02 snow-governed timber"
source.calcite comment.line.number-sign.lithos "# frame: site truth -> pack load models, timber material records,"
source.calcite comment.line.number-sign.lithos "# tributary partition over a loaded roof, frost-depth footings."
source.calcite comment.line.number-sign.lithos "# std.civil names are WO-48 content (phantom until the pack lands)."
source.calcite ""
source.calcite keyword.control.lithos "import"
source.calcite " std.civil (Pinned, Moment, Bearing, EmbeddedPost)"
source.calcite ""
source.calcite "site Township:                                  "
source.calcite comment.line.number-sign.lithos "# 02 sec. 1"
source.calcite "    boundary:"
source.calcite "        wind_speed:   ["
source.calcite constant.numeric.lithos constant.numeric.lithos "0"
source.calcite constant.numeric.lithos "m"
source.calcite "/s, "
source.calcite constant.numeric.lithos constant.numeric.lithos "46"
source.calcite constant.numeric.lithos "m"
source.calcite "/s]             "
source.calcite keyword.other.value-source.lithos "by"
source.calcite " catalog(asce"
source.calcite constant.numeric.lithos constant.numeric.lithos "7"
source.calcite constant.numeric.lithos "_fig26"
source.calcite ")"
source.calcite "        ground_snow:  "
source.calcite constant.numeric.lithos constant.numeric.lithos "2.9"
source.calcite constant.numeric.lithos "kPa"
source.calcite "                    "
source.calcite keyword.other.value-source.lithos "by"
source.calcite " catalog(asce"
source.calcite constant.numeric.lithos constant.numeric.lithos "7"
source.calcite constant.numeric.lithos "_fig7"
source.calcite ")"
source.calcite "        frost_depth:  "
source.calcite constant.numeric.lithos constant.numeric.lithos "1.2"
source.calcite constant.numeric.lithos "m"
source.calcite "                      "
source.calcite keyword.other.value-source.lithos "by"
source.calcite " catalog(county_gis)"
source.calcite "    soil:"
source.calcite "        bearing:      ["
source.calcite constant.numeric.lithos constant.numeric.lithos "120"
source.calcite constant.numeric.lithos "kPa"
source.calcite ", "
source.calcite constant.numeric.lithos constant.numeric.lithos "170"
source.calcite constant.numeric.lithos "kPa"
source.calcite "]          "
source.calcite keyword.other.value-source.lithos "by"
source.calcite " test(geotech_p"
source.calcite constant.numeric.lithos constant.numeric.lithos "309"
source.calcite ")"
source.calcite ""
source.calcite "grid frames: "
source.calcite constant.numeric.lithos constant.numeric.lithos "1"
source.calcite ", "
source.calcite constant.numeric.lithos constant.numeric.lithos "2"
source.calcite ", "
source.calcite constant.numeric.lithos constant.numeric.lithos "3"
source.calcite ", "
source.calcite constant.numeric.lithos constant.numeric.lithos "4"
source.calcite constant.numeric.lithos " spacing"
source.calcite " "
source.calcite constant.numeric.lithos constant.numeric.lithos "3.0"
source.calcite constant.numeric.lithos "m"
source.calcite "            "
source.calcite comment.line.number-sign.lithos "# 02 sec. 1"
source.calcite "grid width:  A, B spacing "
source.calcite constant.numeric.lithos constant.numeric.lithos "9.0"
source.calcite constant.numeric.lithos "m"
source.calcite "level ground: "
source.calcite constant.numeric.lithos constant.numeric.lithos "0"
source.calcite constant.numeric.lithos "m"
source.calcite "level eave:   "
source.calcite constant.numeric.lithos constant.numeric.lithos "4.3"
source.calcite constant.numeric.lithos "m"
source.calcite ""
