source.cuprite comment.line.number-sign.lithos "# 6->64 mux with enable -- exercises: abstract block vs concrete"
source.cuprite comment.line.number-sign.lithos "# realizations, implicit `by spec`, composing with pattern orbits and"
source.cuprite comment.line.number-sign.lithos "# pairwise connection, equivalence obligations, per-impl promises."
source.cuprite ""
source.cuprite keyword.control.lithos "import"
source.cuprite " std.elec.logic (Decoder)"
source.cuprite ""
source.cuprite comment.line.number-sign.lithos "# ---- The abstract block: a functional contract. No parts named. ----"
source.cuprite ""
source.cuprite keyword.other.decl.lithos "block"
source.cuprite " Mux<sel_w: int = "
source.cuprite constant.numeric.lithos constant.numeric.lithos "6"
source.cuprite ", out_w: int = "
source.cuprite constant.numeric.lithos constant.numeric.lithos "64"
source.cuprite ">:"
source.cuprite "    ports:"
source.cuprite "        sel: digital("
source.cuprite keyword.control.lithos "in"
source.cuprite ", width=sel_w)"
source.cuprite "        en:  digital("
source.cuprite keyword.control.lithos "in"
source.cuprite ")"
source.cuprite "        out: digital(out, width=out_w)"
source.cuprite "    spec:"
source.cuprite "        out = onehot(sel) when en else "
source.cuprite constant.numeric.lithos constant.numeric.lithos "0"
source.cuprite "    promises:"
source.cuprite "        timing.prop(sel -> out): "
source.cuprite keyword.other.value-source.lithos "allocated"
source.cuprite ""
source.cuprite comment.line.number-sign.lithos "# ---- Realization 1: synthesize the spec (FPGA/ASIC path). ----"
source.cuprite comment.line.number-sign.lithos "# Implicit: a realizable spec with no explicit impl gets `by spec`."
