source.fluorite comment.line.number-sign.lithos "# Pressurant-into-ullage tank interface -- exercises: fluorite/02"
source.fluorite comment.line.number-sign.lithos "# secs. 1 + 3 as amended cycle 27 (D142): the `Mixer` declared-"
source.fluorite comment.line.number-sign.lithos "# outlet medium boundary, on FOPEN-1's own expected first case (a"
source.fluorite comment.line.number-sign.lithos "# GN2-pressurized propellant tank whose ullage interface state is"
source.fluorite comment.line.number-sign.lithos "# load-bearing). Each flownet stays single-medium; the tank is ONE"
source.fluorite comment.line.number-sign.lithos "# component whose ports appear in both nets (the InjectorHead"
source.fluorite comment.line.number-sign.lithos "# component-path precedent, 02 sec. 4); the Mixer edge declares the"
source.fluorite comment.line.number-sign.lithos "# outlet medium, whose saturated-ullage properties are a RECORD --"
source.fluorite comment.line.number-sign.lithos "# composition is never node state."
source.fluorite ""
source.fluorite keyword.control.lithos "import"
source.fluorite " std.fluorite (Pipe, Regulator, CheckValve, Mixer)"
source.fluorite ""
source.fluorite "medium GN"
source.fluorite constant.numeric.lithos constant.numeric.lithos "2"
source.fluorite ": gas"
source.fluorite "    props: registry(nitrogen_nist)"
source.fluorite ""
source.fluorite "medium RP"
source.fluorite constant.numeric.lithos constant.numeric.lithos "1"
source.fluorite ": liquid"
source.fluorite "    props: registry(rp"
source.fluorite constant.numeric.lithos constant.numeric.lithos "1"
source.fluorite constant.numeric.lithos "_mil_dtl_25576"
source.fluorite ")"
source.fluorite ""
source.fluorite "medium UllageGas: gas                           "
source.fluorite comment.line.number-sign.lithos "# the declared outlet:"
source.fluorite "    props: registry(gn"
source.fluorite constant.numeric.lithos constant.numeric.lithos "2"
source.fluorite constant.numeric.lithos "_rp1_saturated_ullage"
source.fluorite ")   "
source.fluorite comment.line.number-sign.lithos "# a mixture RECORD"
