source.hematite comment.line.number-sign.lithos "# Hydraulic manifold body -- feldspar pressure test #1 (the direct"
source.hematite comment.line.number-sign.lithos "# hit): a thick-walled cylinder claim feldspar's v1 family solves"
source.hematite comment.line.number-sign.lithos "# exactly. Exercises: fat margin (Lame closed form wins, FEA never"
source.hematite comment.line.number-sign.lithos "# runs), thin margin (FEA forced through the SAME claim kind),"
source.hematite comment.line.number-sign.lithos "# material record -> property ports (G2), mm/MPa/degC ingest (G3),"
source.hematite comment.line.number-sign.lithos "# E(T) over an environment range (G5)."
source.hematite ""
source.hematite keyword.control.lithos "import"
source.hematite " std.mech.turned (Bore)"
source.hematite ""
source.hematite keyword.other.decl.lithos "part"
source.hematite " ManifoldBody:"
source.hematite "    material: AISI_"
source.hematite constant.numeric.lithos constant.numeric.lithos "4140"
source.hematite "            "
source.hematite comment.line.number-sign.lithos "# G2: a NAME -- the property"
source.hematite "                                   "
source.hematite comment.line.number-sign.lithos "# registry record, not scalars."
source.hematite "                                   "
source.hematite comment.line.number-sign.lithos "# Someone must resolve E, nu,"
source.hematite "                                   "
source.hematite comment.line.number-sign.lithos "# sigma_y intervals BEFORE the"
source.hematite "                                   "
source.hematite comment.line.number-sign.lithos "# DischargeRequest (inputs are"
source.hematite "                                   "
source.hematite comment.line.number-sign.lithos "# Mapping[str, Interval] only)."
source.hematite ""
source.hematite "    stage turned: process=cnc_lathe"
source.hematite "        "
source.hematite keyword.control.lithos "then"
source.hematite ":"
source.hematite "            body = Bore(outer_dia "
source.hematite constant.numeric.lithos constant.numeric.lithos "60"
source.hematite constant.numeric.lithos "mm"
source.hematite ", inner_dia "
source.hematite constant.numeric.lithos constant.numeric.lithos "30"
source.hematite constant.numeric.lithos "mm"
source.hematite ", length "
source.hematite constant.numeric.lithos constant.numeric.lithos "120"
source.hematite constant.numeric.lithos "mm"
source.hematite ")"
